Archive member included to satisfy reference by file (symbol)

d:/s32 ide/s32ds/build_tools/gcc_v6.3/gcc-6.3-arm32-eabi/bin/../lib/gcc/arm-none-eabi/6.3.1/thumb/v7e-m/fpv4-sp/hard\libgcc.a(_aeabi_uldivmod.o)
                              ./SDK/rtos/osif/osif_freertos.o (__aeabi_uldivmod)
d:/s32 ide/s32ds/build_tools/gcc_v6.3/gcc-6.3-arm32-eabi/bin/../lib/gcc/arm-none-eabi/6.3.1/thumb/v7e-m/fpv4-sp/hard\libgcc.a(_udivmoddi4.o)
                              d:/s32 ide/s32ds/build_tools/gcc_v6.3/gcc-6.3-arm32-eabi/bin/../lib/gcc/arm-none-eabi/6.3.1/thumb/v7e-m/fpv4-sp/hard\libgcc.a(_aeabi_uldivmod.o) (__udivmoddi4)
d:/s32 ide/s32ds/build_tools/gcc_v6.3/gcc-6.3-arm32-eabi/bin/../lib/gcc/arm-none-eabi/6.3.1/thumb/v7e-m/fpv4-sp/hard\libgcc.a(_dvmd_tls.o)
                              d:/s32 ide/s32ds/build_tools/gcc_v6.3/gcc-6.3-arm32-eabi/bin/../lib/gcc/arm-none-eabi/6.3.1/thumb/v7e-m/fpv4-sp/hard\libgcc.a(_aeabi_uldivmod.o) (__aeabi_ldiv0)
D:/S32 IDE/S32DS/build_tools/gcc_b1620/gcc-6.3-arm32-eabi/arm-none-eabi/newlib/lib/thumb/v7e-m/fpv4-sp/hard\libc_nano.a(lib_a-exit.o)
                              D:/S32 IDE/S32DS/build_tools/gcc_b1620/gcc-6.3-arm32-eabi/arm-none-eabi/newlib/lib/thumb/v7e-m/fpv4-sp/hard/crt0.o (exit)
D:/S32 IDE/S32DS/build_tools/gcc_b1620/gcc-6.3-arm32-eabi/arm-none-eabi/newlib/lib/thumb/v7e-m/fpv4-sp/hard\libc_nano.a(lib_a-impure.o)
                              D:/S32 IDE/S32DS/build_tools/gcc_b1620/gcc-6.3-arm32-eabi/arm-none-eabi/newlib/lib/thumb/v7e-m/fpv4-sp/hard\libc_nano.a(lib_a-exit.o) (_global_impure_ptr)
D:/S32 IDE/S32DS/build_tools/gcc_b1620/gcc-6.3-arm32-eabi/arm-none-eabi/newlib/lib/thumb/v7e-m/fpv4-sp/hard\libc_nano.a(lib_a-init.o)
                              D:/S32 IDE/S32DS/build_tools/gcc_b1620/gcc-6.3-arm32-eabi/arm-none-eabi/newlib/lib/thumb/v7e-m/fpv4-sp/hard/crt0.o (__libc_init_array)
D:/S32 IDE/S32DS/build_tools/gcc_b1620/gcc-6.3-arm32-eabi/arm-none-eabi/newlib/lib/thumb/v7e-m/fpv4-sp/hard\libc_nano.a(lib_a-memcpy-stub.o)
                              ./SDK/rtos/FreeRTOS/Source/queue.o (memcpy)
D:/S32 IDE/S32DS/build_tools/gcc_b1620/gcc-6.3-arm32-eabi/arm-none-eabi/newlib/lib/thumb/v7e-m/fpv4-sp/hard\libc_nano.a(lib_a-memset.o)
                              D:/S32 IDE/S32DS/build_tools/gcc_b1620/gcc-6.3-arm32-eabi/arm-none-eabi/newlib/lib/thumb/v7e-m/fpv4-sp/hard/crt0.o (memset)
D:/S32 IDE/S32DS/build_tools/gcc_b1620/gcc-6.3-arm32-eabi/arm-none-eabi/newlib/lib/thumb/v7e-m/fpv4-sp/hard\libc_nano.a(lib_a-strlen.o)
                              ./SDK/rtos/FreeRTOS/Source/tasks.o (strlen)
D:/S32 IDE/S32DS/build_tools/gcc_b1620/gcc-6.3-arm32-eabi/arm-none-eabi/newlib/lib/thumb/v7e-m/fpv4-sp/hard\libnosys.a(_exit.o)
                              D:/S32 IDE/S32DS/build_tools/gcc_b1620/gcc-6.3-arm32-eabi/arm-none-eabi/newlib/lib/thumb/v7e-m/fpv4-sp/hard\libc_nano.a(lib_a-exit.o) (_exit)

Allocating common symbols
Common symbol       size              file

can_DCM_RL_rxMsgDynamicData
                    0x54              ./src/DCU/Communication/Calvos/comgen_CAN_DCM_RL_core.o
can_DCM_RL_RxDataBuffer
                    0x38              ./src/DCU/Communication/Calvos/comgen_CAN_DCM_RL_core.o
can_DCM_DR_RxDataBuffer
                    0x30              ./src/DCU/Communication/Calvos/comgen_CAN_DCM_DR_core.o
rx_message          0x4c              ./src/DCU/Communication/CANpal/CANpal.o
can_DCM_PS_transmittingMsg
                    0x4               ./src/DCU/Communication/Calvos/comgen_CAN_DCM_PS_core.o
g_xtal0ClkFreq      0x4               ./SDK/platform/drivers/src/clock/S32K1xx/clock_S32K1xx.o
WDG_CHECKPOINT_100ms
                    0x1               ./src/DCU/Runtime/DcuTasks.o
can_DCM_DR_rxMsgDynamicData
                    0x48              ./src/DCU/Communication/Calvos/comgen_CAN_DCM_DR_core.o
can_DCM_RR_rxMsgDynamicData
                    0x54              ./src/DCU/Communication/Calvos/comgen_CAN_DCM_RR_core.o
can_DCM_DR_txQueue  0xc               ./src/DCU/Communication/Calvos/comgen_CAN_DCM_DR_core.o
can_DCM_PS_txQueue  0xc               ./src/DCU/Communication/Calvos/comgen_CAN_DCM_PS_core.o
can_DCM_RR_transmittingMsg
                    0x4               ./src/DCU/Communication/Calvos/comgen_CAN_DCM_RR_core.o
can_DCM_RR_RxDataBuffer
                    0x38              ./src/DCU/Communication/Calvos/comgen_CAN_DCM_RR_core.o
can_DCM_PS_rxMsgDynamicData
                    0x48              ./src/DCU/Communication/Calvos/comgen_CAN_DCM_PS_core.o
can_DCM_RR_txMsgDynamicData
                    0x10              ./src/DCU/Communication/Calvos/comgen_CAN_DCM_RR_core.o
can_DCM_RL_transmittingMsg
                    0x4               ./src/DCU/Communication/Calvos/comgen_CAN_DCM_RL_core.o
can_DCM_RR_avlbl_buffer
                    0x8               ./src/DCU/Communication/Calvos/comgen_CAN_DCM_RR_core.o
g_RtcClkInFreq      0x4               ./SDK/platform/drivers/src/clock/S32K1xx/clock_S32K1xx.o
[...]
Memory Configuration

Name             Origin             Length             Attributes
m_interrupts     0x00000000         0x00000400         xr
m_flash_config   0x00000400         0x00000010         xr
m_text           0x00000410         0x0007fbf0         xr
m_data           0x1fff8000         0x00008000         rw
m_data_2         0x20000000         0x00004000         rw
m_data_3         0x20004000         0x00003000         rw
*default*        0x00000000         0xffffffff

Linker script and memory map

LOAD d:/s32 ide/s32ds/build_tools/gcc_v6.3/gcc-6.3-arm32-eabi/bin/../lib/gcc/arm-none-eabi/6.3.1/thumb/v7e-m/fpv4-sp/hard/crti.o
LOAD d:/s32 ide/s32ds/build_tools/gcc_v6.3/gcc-6.3-arm32-eabi/bin/../lib/gcc/arm-none-eabi/6.3.1/thumb/v7e-m/fpv4-sp/hard/crtbegin.o
LOAD D:/S32 IDE/S32DS/build_tools/gcc_b1620/gcc-6.3-arm32-eabi/arm-none-eabi/newlib/lib/thumb/v7e-m/fpv4-sp/hard/crt0.o
LOAD ./Project_Settings/Startup_Code/startup_S32K144.o
LOAD ./SDK/platform/devices/S32K144/startup/system_S32K144.o
LOAD ./SDK/platform/devices/startup.o
LOAD ./SDK/platform/drivers/src/adc/adc_driver.o
LOAD ./SDK/platform/drivers/src/clock/S32K1xx/clock_S32K1xx.o
LOAD ./SDK/platform/drivers/src/edma/edma_driver.o
LOAD ./SDK/platform/drivers/src/edma/edma_hw_access.o
LOAD ./SDK/platform/drivers/src/edma/edma_irq.o
LOAD ./SDK/platform/drivers/src/flexcan/flexcan_driver.o
LOAD ./SDK/platform/drivers/src/flexcan/flexcan_hw_access.o
LOAD ./SDK/platform/drivers/src/flexcan/flexcan_irq.o
LOAD ./SDK/platform/drivers/src/interrupt/interrupt_manager.o
LOAD ./SDK/platform/drivers/src/mpu/mpu_driver.o
LOAD ./SDK/platform/drivers/src/mpu/mpu_hw_access.o
LOAD ./SDK/platform/drivers/src/pdb/pdb_driver.o
LOAD ./SDK/platform/drivers/src/pdb/pdb_hw_access.o
LOAD ./SDK/platform/drivers/src/pins/pins_driver.o
LOAD ./SDK/platform/drivers/src/pins/pins_port_hw_access.o
LOAD ./SDK/platform/drivers/src/trgmux/trgmux_driver.o
LOAD ./SDK/platform/drivers/src/trgmux/trgmux_hw_access.o
LOAD ./SDK/platform/drivers/src/wdog/wdog_driver.o
LOAD ./SDK/platform/drivers/src/wdog/wdog_hw_access.o
LOAD ./SDK/platform/pal/src/adc/adc_irq.o
LOAD ./SDK/platform/pal/src/adc/adc_pal.o
LOAD ./SDK/platform/pal/src/can/can_pal.o
LOAD ./SDK/platform/pal/src/mpu/mpu_pal.o
LOAD ./SDK/rtos/FreeRTOS/Source/croutine.o
LOAD ./SDK/rtos/FreeRTOS/Source/event_groups.o
LOAD ./SDK/rtos/FreeRTOS/Source/list.o
LOAD ./SDK/rtos/FreeRTOS/Source/queue.o
LOAD ./SDK/rtos/FreeRTOS/Source/tasks.o
LOAD ./SDK/rtos/FreeRTOS/Source/timers.o
LOAD ./SDK/rtos/FreeRTOS/Source/portable/GCC/ARM_CM4F/port.o
LOAD ./SDK/rtos/FreeRTOS/Source/portable/MemMang/heap_1.o
LOAD ./SDK/rtos/osif/osif_freertos.o
LOAD ./board/clock_config.o
LOAD ./board/peripherals_FreeRTOS.o
LOAD ./board/peripherals_adc_pal_1.o
LOAD ./board/peripherals_can_pal_1.o
LOAD ./board/peripherals_mpu_pal_config_1.o
LOAD ./board/peripherals_osif_1.o
LOAD ./board/peripherals_wdog_config_1.o
LOAD ./board/pin_mux.o
LOAD ./src/DCU/Application/DoorApp/DoorApp.o
LOAD ./src/DCU/Application/WindowApp/WindowApp.o
LOAD ./src/DCU/Communication/CANpal/CANpal.o
LOAD ./src/DCU/Communication/Calvos/comgen_CAN_DCM_DR_callbacks.o
LOAD ./src/DCU/Communication/Calvos/comgen_CAN_DCM_DR_core.o
LOAD ./src/DCU/Communication/Calvos/comgen_CAN_DCM_DR_hal.o
LOAD ./src/DCU/Communication/Calvos/comgen_CAN_DCM_PS_callbacks.o
LOAD ./src/DCU/Communication/Calvos/comgen_CAN_DCM_PS_core.o
LOAD ./src/DCU/Communication/Calvos/comgen_CAN_DCM_PS_hal.o
LOAD ./src/DCU/Communication/Calvos/comgen_CAN_DCM_RL_callbacks.o
LOAD ./src/DCU/Communication/Calvos/comgen_CAN_DCM_RL_core.o
LOAD ./src/DCU/Communication/Calvos/comgen_CAN_DCM_RL_hal.o
LOAD ./src/DCU/Communication/Calvos/comgen_CAN_DCM_RR_callbacks.o
LOAD ./src/DCU/Communication/Calvos/comgen_CAN_DCM_RR_core.o
LOAD ./src/DCU/Communication/Calvos/comgen_CAN_DCM_RR_hal.o
LOAD ./src/DCU/Communication/Calvos/comgen_CAN_common.o
LOAD ./src/DCU/Communication/Signals/Signals.o
LOAD ./src/DCU/EcuAbstraction/Button/Button.o
LOAD ./src/DCU/EcuAbstraction/Button/InDebounce/InDebounce.o
LOAD ./src/DCU/EcuAbstraction/Door/Door.o
LOAD ./src/DCU/EcuAbstraction/HwConfig/HwConfig.o
LOAD ./src/DCU/EcuAbstraction/Window/Window.o
LOAD ./src/DCU/Microcontroller/Adc/Adc.o
LOAD ./src/DCU/Microcontroller/Dio/Dio.o
LOAD ./src/DCU/Microcontroller/Mcu/Mcu.o
LOAD ./src/DCU/Microcontroller/Mpu/Mpu.o
LOAD ./src/DCU/Microcontroller/Wdg/Wdg.o
LOAD ./src/DCU/Runtime/DcuTasks.o
LOAD ./src/main.o
LOAD ./src/rtos.o
START GROUP
LOAD d:/s32 ide/s32ds/build_tools/gcc_v6.3/gcc-6.3-arm32-eabi/bin/../lib/gcc/arm-none-eabi/6.3.1/thumb/v7e-m/fpv4-sp/hard\libgcc.a
LOAD D:/S32 IDE/S32DS/build_tools/gcc_b1620/gcc-6.3-arm32-eabi/arm-none-eabi/newlib/lib/thumb/v7e-m/fpv4-sp/hard\libc_nano.a
END GROUP
START GROUP
LOAD d:/s32 ide/s32ds/build_tools/gcc_v6.3/gcc-6.3-arm32-eabi/bin/../lib/gcc/arm-none-eabi/6.3.1/thumb/v7e-m/fpv4-sp/hard\libgcc.a
LOAD D:/S32 IDE/S32DS/build_tools/gcc_b1620/gcc-6.3-arm32-eabi/arm-none-eabi/newlib/lib/thumb/v7e-m/fpv4-sp/hard\libc_nano.a
LOAD D:/S32 IDE/S32DS/build_tools/gcc_b1620/gcc-6.3-arm32-eabi/arm-none-eabi/newlib/lib/thumb/v7e-m/fpv4-sp/hard\libnosys.a
END GROUP
START GROUP
LOAD d:/s32 ide/s32ds/build_tools/gcc_v6.3/gcc-6.3-arm32-eabi/bin/../lib/gcc/arm-none-eabi/6.3.1/thumb/v7e-m/fpv4-sp/hard\libgcc.a
LOAD D:/S32 IDE/S32DS/build_tools/gcc_b1620/gcc-6.3-arm32-eabi/arm-none-eabi/newlib/lib/thumb/v7e-m/fpv4-sp/hard\libc_nano.a
LOAD D:/S32 IDE/S32DS/build_tools/gcc_b1620/gcc-6.3-arm32-eabi/arm-none-eabi/newlib/lib/thumb/v7e-m/fpv4-sp/hard\libnosys.a
END GROUP
LOAD d:/s32 ide/s32ds/build_tools/gcc_v6.3/gcc-6.3-arm32-eabi/bin/../lib/gcc/arm-none-eabi/6.3.1/thumb/v7e-m/fpv4-sp/hard/crtend.o
LOAD d:/s32 ide/s32ds/build_tools/gcc_v6.3/gcc-6.3-arm32-eabi/bin/../lib/gcc/arm-none-eabi/6.3.1/thumb/v7e-m/fpv4-sp/hard/crtn.o
                0x00000400                HEAP_SIZE = DEFINED (__heap_size__)?__heap_size__:0x400
                0x00000400                STACK_SIZE = DEFINED (__stack_size__)?__stack_size__:0x400
                0x00000400                M_VECTOR_RAM_SIZE = DEFINED (__flash_vector_table__)?0x0:0x400

.interrupts     0x00000000      0x400
                0x00000000                __VECTOR_TABLE = .
                0x00000000                __interrupts_start__ = .
                0x00000000                . = ALIGN (0x4)
 *(.isr_vector)
 .isr_vector    0x00000000      0x400 ./Project_Settings/Startup_Code/startup_S32K144.o
                0x00000000                __isr_vector
                0x00000400                __interrupts_end__ = .
                0x00000400                . = ALIGN (0x4)

.flash_config   0x00000400       0x10
                0x00000400                . = ALIGN (0x4)
 *(.FlashConfig)
 .FlashConfig   0x00000400       0x10 ./Project_Settings/Startup_Code/startup_S32K144.o
                0x00000410                . = ALIGN (0x4)

.text           0x00000410    0x11aa0
                0x00000410                . = ALIGN (0x4)
 *(.text)
 .text          0x00000410       0xa4 d:/s32 ide/s32ds/build_tools/gcc_v6.3/gcc-6.3-arm32-eabi/bin/../lib/gcc/arm-none-eabi/6.3.1/thumb/v7e-m/fpv4-sp/hard/crtbegin.o
 .text          0x000004b4       0x6c ./Project_Settings/Startup_Code/startup_S32K144.o
                0x000004b4                Reset_Handler
                0x0000051c                DebugMon_Handler
                0x0000051c                Reserved88_IRQHandler
                0x0000051c                HardFault_Handler
                0x0000051c                Reserved86_IRQHandler
                0x0000051c                Reserved103_IRQHandler
                0x0000051c                FTM2_Ovf_Reload_IRQHandler
                0x0000051c                Reserved50_IRQHandler
                0x0000051c                FTFC_Fault_IRQHandler
                0x0000051c                FTM0_Ch6_Ch7_IRQHandler
                0x0000051c                Reserved114_IRQHandler
                0x0000051c                NMI_Handler
                0x0000051c                Reserved89_IRQHandler
                0x0000051c                ERM_double_fault_IRQHandler
                0x0000051c                Reserved59_IRQHandler
                0x0000051c                LPIT0_Ch0_IRQHandler
                0x0000051c                Reserved99_IRQHandler
                0x0000051c                FTM3_Ch6_Ch7_IRQHandler
                0x0000051c                LPIT0_Ch3_IRQHandler
                0x0000051c                Reserved92_IRQHandler
                0x0000051c                FTM0_Ch4_Ch5_IRQHandler
                0x0000051c                FTM3_Ch0_Ch1_IRQHandler
                0x0000051c                SWI_IRQHandler
                0x0000051c                FTM2_Ch4_Ch5_IRQHandler
                0x0000051c                UsageFault_Handler
                0x0000051c                FTM0_Ovf_Reload_IRQHandler
                0x0000051c                DefaultISR
                0x0000051c                Reserved58_IRQHandler
                0x0000051c                FTM1_Ch2_Ch3_IRQHandler
                0x0000051c                Reserved82_IRQHandler
                0x0000051c                LPI2C0_Slave_IRQHandler
                0x0000051c                Reserved71_IRQHandler
                0x0000051c                PORTD_IRQHandler
                0x0000051c                Reserved69_IRQHandler
                0x0000051c                PORTB_IRQHandler
                0x0000051c                Reserved70_IRQHandler
                0x0000051c                FTM2_Ch2_Ch3_IRQHandler
                0x0000051c                Reserved53_IRQHandler
                0x0000051c                RTC_IRQHandler
                0x0000051c                PDB0_IRQHandler
                0x0000051c                Reserved54_IRQHandler
                0x0000051c                FTM2_Ch6_Ch7_IRQHandler
                0x0000051c                FTM3_Ch2_Ch3_IRQHandler
                0x0000051c                FTM2_Ch0_Ch1_IRQHandler
                0x0000051c                LPSPI1_IRQHandler
                0x0000051c                LPUART1_RxTx_IRQHandler
                0x0000051c                RTC_Seconds_IRQHandler
                0x0000051c                Reserved72_IRQHandler
                0x0000051c                Reserved110_IRQHandler
                0x0000051c                Reserved107_IRQHandler
                0x0000051c                Read_Collision_IRQHandler
                0x0000051c                FTFC_IRQHandler
                0x0000051c                FTM1_Ch6_Ch7_IRQHandler
                0x0000051c                Reserved105_IRQHandler
                0x0000051c                LPIT0_Ch1_IRQHandler
                0x0000051c                FTM1_Ch4_Ch5_IRQHandler
                0x0000051c                FTM3_Ovf_Reload_IRQHandler
                0x0000051c                LPUART2_RxTx_IRQHandler
                0x0000051c                LPSPI0_IRQHandler
                0x0000051c                WDOG_EWM_IRQHandler
                0x0000051c                Reserved90_IRQHandler
                0x0000051c                Reserved83_IRQHandler
                0x0000051c                FTM0_Fault_IRQHandler
                0x0000051c                Reserved48_IRQHandler
                0x0000051c                ERM_single_fault_IRQHandler
                0x0000051c                FTM2_Fault_IRQHandler
                0x0000051c                FTM0_Ch2_Ch3_IRQHandler
                0x0000051c                FTM0_Ch0_Ch1_IRQHandler
                0x0000051c                FTM3_Fault_IRQHandler
                0x0000051c                RCM_IRQHandler
                0x0000051c                Reserved100_IRQHandler
                0x0000051c                Reserved91_IRQHandler
                0x0000051c                SCG_IRQHandler
                0x0000051c                PDB1_IRQHandler
                0x0000051c                Reserved81_IRQHandler
                0x0000051c                Reserved46_IRQHandler
                0x0000051c                Reserved45_IRQHandler
                0x0000051c                Reserved112_IRQHandler
                0x0000051c                LPI2C0_Master_IRQHandler
                0x0000051c                FTM1_Fault_IRQHandler
                0x0000051c                Reserved106_IRQHandler
                0x0000051c                LVD_LVW_IRQHandler
                0x0000051c                LPIT0_Ch2_IRQHandler
                0x0000051c                PORTA_IRQHandler
                0x0000051c                MCM_IRQHandler
                0x0000051c                LPSPI2_IRQHandler
                0x0000051c                FTM3_Ch4_Ch5_IRQHandler
                0x0000051c                PORTE_IRQHandler
                0x0000051c                LPUART0_RxTx_IRQHandler
                0x0000051c                LPTMR0_IRQHandler
                0x0000051c                Reserved87_IRQHandler
                0x0000051c                FTM1_Ovf_Reload_IRQHandler
                0x0000051c                Reserved93_IRQHandler
                0x0000051c                CMP0_IRQHandler
                0x0000051c                Reserved52_IRQHandler
                0x0000051c                PORTC_IRQHandler
                0x0000051c                FTM1_Ch0_Ch1_IRQHandler
                0x0000051c                FLEXIO_IRQHandler
                0x0000051c                Reserved113_IRQHandler
 *(.text*)
 .text.SystemInit
                0x00000520       0x58 ./SDK/platform/devices/S32K144/startup/system_S32K144.o
                0x00000520                SystemInit
 .text.init_data_bss
                0x00000578      0x12c ./SDK/platform/devices/startup.o
                0x00000578                init_data_bss
 .text.DevAssert
                0x000006a4       0x22 ./SDK/platform/drivers/src/adc/adc_driver.o
 .text.ADC_GetClockDivide
                0x000006c6       0x28 ./SDK/platform/drivers/src/adc/adc_driver.o
 .text.ADC_SetClockDivide
                0x000006ee       0x3a ./SDK/platform/drivers/src/adc/adc_driver.o
 .text.ADC_GetSampleTime
                0x00000728       0x24 ./SDK/platform/drivers/src/adc/adc_driver.o
 .text.ADC_SetSampleTime
                0x0000074c       0x42 ./SDK/platform/drivers/src/adc/adc_driver.o
 .text.ADC_SetResolution
                0x0000078e       0x3a ./SDK/platform/drivers/src/adc/adc_driver.o
 .text.ADC_SetInputClock
                0x000007c8       0x38 ./SDK/platform/drivers/src/adc/adc_driver.o
 .text.ADC_GetTriggerMode
                0x00000800       0x2a ./SDK/platform/drivers/src/adc/adc_driver.o
 .text.ADC_SetTriggerMode
                0x0000082a       0x3e ./SDK/platform/drivers/src/adc/adc_driver.o
 .text.ADC_GetPretriggerSelect
                0x00000868       0xa4 ./SDK/platform/drivers/src/adc/adc_driver.o
 .text.ADC_SetPretriggerSelect
                0x0000090c       0x88 ./SDK/platform/drivers/src/adc/adc_driver.o
 .text.ADC_SetTriggerSelect
                0x00000994       0x84 ./SDK/platform/drivers/src/adc/adc_driver.o
 .text.ADC_SetDMAEnableFlag
                0x00000a18       0x42 ./SDK/platform/drivers/src/adc/adc_driver.o
 .text.ADC_SetVoltageReference
                0x00000a5a       0x3c ./SDK/platform/drivers/src/adc/adc_driver.o
 .text.ADC_SetContinuousConvFlag
                0x00000a96       0x42 ./SDK/platform/drivers/src/adc/adc_driver.o
 .text.ADC_SetSupplyMonitoringEnableFlag
                0x00000ad8       0x38 ./SDK/platform/drivers/src/adc/adc_driver.o
 .text.ADC_GetHwAverageEnableFlag
                0x00000b10       0x32 ./SDK/platform/drivers/src/adc/adc_driver.o
 .text.ADC_SetHwAverageEnableFlag
                0x00000b42       0x42 ./SDK/platform/drivers/src/adc/adc_driver.o
 .text.ADC_GetHwAverageMode
                0x00000b84       0x28 ./SDK/platform/drivers/src/adc/adc_driver.o
 .text.ADC_SetHwAverageMode
                0x00000bac       0x3c ./SDK/platform/drivers/src/adc/adc_driver.o
 .text.ADC_GetCalibrationActiveFlag
                0x00000be8       0x32 ./SDK/platform/drivers/src/adc/adc_driver.o
 .text.ADC_SetCalibrationActiveFlag
                0x00000c1a       0x42 ./SDK/platform/drivers/src/adc/adc_driver.o
 .text.ADC_SetInputChannel
                0x00000c5c       0xc8 ./SDK/platform/drivers/src/adc/adc_driver.o
 .text.ADC_DRV_InitConverterStruct
                0x00000d24       0x64 ./SDK/platform/drivers/src/adc/adc_driver.o
                0x00000d24                ADC_DRV_InitConverterStruct
 .text.ADC_DRV_ConfigConverter
                0x00000d88      0x180 ./SDK/platform/drivers/src/adc/adc_driver.o
                0x00000d88                ADC_DRV_ConfigConverter
 .text.ADC_DRV_Reset
                0x00000f08       0xd4 ./SDK/platform/drivers/src/adc/adc_driver.o
                0x00000f08                ADC_DRV_Reset
 .text.ADC_DRV_ConfigChan
                0x00000fdc       0x98 ./SDK/platform/drivers/src/adc/adc_driver.o
                0x00000fdc                ADC_DRV_ConfigChan
 .text.ADC_DRV_SetSwPretrigger
                0x00001074       0xbc ./SDK/platform/drivers/src/adc/adc_driver.o
                0x00001074                ADC_DRV_SetSwPretrigger
 .text.ADC_DRV_GetChanResult
                0x00001130       0x78 ./SDK/platform/drivers/src/adc/adc_driver.o
                0x00001130                ADC_DRV_GetChanResult
 .text.ADC_DRV_AutoCalibration
                0x000011a8      0x1b0 ./SDK/platform/drivers/src/adc/adc_driver.o
                0x000011a8                ADC_DRV_AutoCalibration
 .text.ADC_DRV_GetInterruptNumber
                0x00001358       0x34 ./SDK/platform/drivers/src/adc/adc_driver.o
                0x00001358                ADC_DRV_GetInterruptNumber
 .text.DevAssert
                0x0000138c       0x22 ./SDK/platform/drivers/src/clock/S32K1xx/clock_S32K1xx.o
 .text.SIM_GetRtcClkSrc
                0x000013ae       0x1e ./SDK/platform/drivers/src/clock/S32K1xx/clock_S32K1xx.o
 .text.SIM_SetLpoClocks
                0x000013cc       0x72 ./SDK/platform/drivers/src/clock/S32K1xx/clock_S32K1xx.o
 .text.SIM_SetEimClockGate
                0x0000143e       0x3e ./SDK/platform/drivers/src/clock/S32K1xx/clock_S32K1xx.o
 .text.SIM_GetEimClockGate
                0x0000147c       0x30 ./SDK/platform/drivers/src/clock/S32K1xx/clock_S32K1xx.o
 .text.SIM_SetErmClockGate
                0x000014ac       0x3e ./SDK/platform/drivers/src/clock/S32K1xx/clock_S32K1xx.o
 .text.SIM_GetErmClockGate
                0x000014ea       0x30 ./SDK/platform/drivers/src/clock/S32K1xx/clock_S32K1xx.o
 .text.SIM_SetDmaClockGate
                0x0000151a       0x3e ./SDK/platform/drivers/src/clock/S32K1xx/clock_S32K1xx.o
 .text.SIM_GetDmaClockGate
                0x00001558       0x30 ./SDK/platform/drivers/src/clock/S32K1xx/clock_S32K1xx.o
 .text.SIM_SetMpuClockGate
                0x00001588       0x3e ./SDK/platform/drivers/src/clock/S32K1xx/clock_S32K1xx.o
 .text.SIM_GetMpuClockGate
                0x000015c6       0x30 ./SDK/platform/drivers/src/clock/S32K1xx/clock_S32K1xx.o
 .text.SIM_SetMscmClockGate
                0x000015f6       0x3e ./SDK/platform/drivers/src/clock/S32K1xx/clock_S32K1xx.o
 .text.SIM_GetMscmClockGate
                0x00001634       0x2e ./SDK/platform/drivers/src/clock/S32K1xx/clock_S32K1xx.o
 .text.SIM_GetFtm0ExternalClkPinMode
                0x00001662       0x1e ./SDK/platform/drivers/src/clock/S32K1xx/clock_S32K1xx.o
 .text.SIM_GetFtm1ExternalClkPinMode
                0x00001680       0x1e ./SDK/platform/drivers/src/clock/S32K1xx/clock_S32K1xx.o
 .text.SIM_GetFtm2ExternalClkPinMode
                0x0000169e       0x1e ./SDK/platform/drivers/src/clock/S32K1xx/clock_S32K1xx.o
 .text.SIM_GetFtm3ExternalClkPinMode
                0x000016bc       0x1e ./SDK/platform/drivers/src/clock/S32K1xx/clock_S32K1xx.o
 .text.SIM_GetLpo32KStatus
                0x000016da       0x26 ./SDK/platform/drivers/src/clock/S32K1xx/clock_S32K1xx.o
 .text.SIM_GetLpo1KStatus
                0x00001700       0x26 ./SDK/platform/drivers/src/clock/S32K1xx/clock_S32K1xx.o
 .text.SIM_GetLpoClkSelectorValue
                0x00001726       0x1e ./SDK/platform/drivers/src/clock/S32K1xx/clock_S32K1xx.o
 .text.SIM_GetClockoutStatus
                0x00001744       0x26 ./SDK/platform/drivers/src/clock/S32K1xx/clock_S32K1xx.o
 .text.SIM_GetClockoutDividerValue
                0x0000176a       0x1e ./SDK/platform/drivers/src/clock/S32K1xx/clock_S32K1xx.o
 .text.SIM_GetClockoutSelectorValue
                0x00001788       0x1e ./SDK/platform/drivers/src/clock/S32K1xx/clock_S32K1xx.o
 *fill*         0x000017a6        0x2 
 .text.SIM_SetExtPinSourceFtm
                0x000017a8       0xa0 ./SDK/platform/drivers/src/clock/S32K1xx/clock_S32K1xx.o
 .text.SIM_SetClockout
                0x00001848       0x6a ./SDK/platform/drivers/src/clock/S32K1xx/clock_S32K1xx.o
 .text.SIM_SetTraceClockSource
                0x000018b2       0x38 ./SDK/platform/drivers/src/clock/S32K1xx/clock_S32K1xx.o
 .text.SIM_ClearTraceClockConfig
                0x000018ea       0x1e ./SDK/platform/drivers/src/clock/S32K1xx/clock_S32K1xx.o
 .text.SIM_SetTraceClockConfig
                0x00001908       0x40 ./SDK/platform/drivers/src/clock/S32K1xx/clock_S32K1xx.o
 .text.SCG_GetClockoutSourceSel
                0x00001948       0x1e ./SDK/platform/drivers/src/clock/S32K1xx/clock_S32K1xx.o
 .text.SCG_GetCurrentSystemClockSource
                0x00001966       0x1e ./SDK/platform/drivers/src/clock/S32K1xx/clock_S32K1xx.o
 .text.SCG_GetCurrentCoreClockDividerRatio
                0x00001984       0x1e ./SDK/platform/drivers/src/clock/S32K1xx/clock_S32K1xx.o
 .text.SCG_GetCurrentBusClockDividerRatio
                0x000019a2       0x1e ./SDK/platform/drivers/src/clock/S32K1xx/clock_S32K1xx.o
 .text.SCG_GetCurrentSlowClockDividerRatio
                0x000019c0       0x1c ./SDK/platform/drivers/src/clock/S32K1xx/clock_S32K1xx.o
 .text.SCG_SetRunClockControl
                0x000019dc       0x44 ./SDK/platform/drivers/src/clock/S32K1xx/clock_S32K1xx.o
 .text.SCG_SetVlprClockControl
                0x00001a20       0x44 ./SDK/platform/drivers/src/clock/S32K1xx/clock_S32K1xx.o
 .text.SCG_SetHsrunClockControl
                0x00001a64       0x44 ./SDK/platform/drivers/src/clock/S32K1xx/clock_S32K1xx.o
 .text.SCG_GetFircFirstAsyncDivider
                0x00001aa8       0x1e ./SDK/platform/drivers/src/clock/S32K1xx/clock_S32K1xx.o
 .text.SCG_GetFircSecondAsyncDivider
                0x00001ac6       0x20 ./SDK/platform/drivers/src/clock/S32K1xx/clock_S32K1xx.o
 .text.SCG_SetFircAsyncConfig
                0x00001ae6       0x32 ./SDK/platform/drivers/src/clock/S32K1xx/clock_S32K1xx.o
 .text.SCG_GetSircFirstAsyncDivider
                0x00001b18       0x1e ./SDK/platform/drivers/src/clock/S32K1xx/clock_S32K1xx.o
 .text.SCG_GetSircSecondAsyncDivider
                0x00001b36       0x20 ./SDK/platform/drivers/src/clock/S32K1xx/clock_S32K1xx.o
 .text.SCG_SetSircAsyncConfig
                0x00001b56       0x32 ./SDK/platform/drivers/src/clock/S32K1xx/clock_S32K1xx.o
 .text.SCG_GetSoscFirstAsyncDivider
                0x00001b88       0x1e ./SDK/platform/drivers/src/clock/S32K1xx/clock_S32K1xx.o
 .text.SCG_GetSoscSecondAsyncDivider
                0x00001ba6       0x20 ./SDK/platform/drivers/src/clock/S32K1xx/clock_S32K1xx.o
 .text.SCG_SetSoscAsyncConfig
                0x00001bc6       0x32 ./SDK/platform/drivers/src/clock/S32K1xx/clock_S32K1xx.o
 .text.SCG_GetSpllFirstAsyncDivider
                0x00001bf8       0x1e ./SDK/platform/drivers/src/clock/S32K1xx/clock_S32K1xx.o
 .text.SCG_GetSpllSecondAsyncDivider
                0x00001c16       0x20 ./SDK/platform/drivers/src/clock/S32K1xx/clock_S32K1xx.o
 .text.SCG_SetSpllAsyncConfig
                0x00001c36       0x32 ./SDK/platform/drivers/src/clock/S32K1xx/clock_S32K1xx.o
 .text.SCG_SetClockoutSourceSel
                0x00001c68       0x38 ./SDK/platform/drivers/src/clock/S32K1xx/clock_S32K1xx.o
 .text.SCG_GetSircSystemClockMode
                0x00001ca0       0x32 ./SDK/platform/drivers/src/clock/S32K1xx/clock_S32K1xx.o
 .text.SCG_GetSircStatus
                0x00001cd2       0x28 ./SDK/platform/drivers/src/clock/S32K1xx/clock_S32K1xx.o
 .text.SCG_GetSircRange
                0x00001cfa       0x1e ./SDK/platform/drivers/src/clock/S32K1xx/clock_S32K1xx.o
 .text.SCG_ClearSircLock
                0x00001d18       0x24 ./SDK/platform/drivers/src/clock/S32K1xx/clock_S32K1xx.o
 .text.SCG_ClearSircControl
                0x00001d3c       0x1c ./SDK/platform/drivers/src/clock/S32K1xx/clock_S32K1xx.o
 .text.SCG_SetSircConfiguration
                0x00001d58       0x24 ./SDK/platform/drivers/src/clock/S32K1xx/clock_S32K1xx.o
 .text.SCG_SetSircControl
                0x00001d7c       0x5a ./SDK/platform/drivers/src/clock/S32K1xx/clock_S32K1xx.o
 .text.SCG_GetFircSystemClockMode
                0x00001dd6       0x32 ./SDK/platform/drivers/src/clock/S32K1xx/clock_S32K1xx.o
 .text.SCG_GetFircStatus
                0x00001e08       0x28 ./SDK/platform/drivers/src/clock/S32K1xx/clock_S32K1xx.o
 .text.SCG_GetFircRange
                0x00001e30       0x1e ./SDK/platform/drivers/src/clock/S32K1xx/clock_S32K1xx.o
 .text.SCG_ClearFircLock
                0x00001e4e       0x24 ./SDK/platform/drivers/src/clock/S32K1xx/clock_S32K1xx.o
 .text.SCG_ClearFircControl
                0x00001e72       0x1e ./SDK/platform/drivers/src/clock/S32K1xx/clock_S32K1xx.o
 .text.SCG_SetFircConfiguration
                0x00001e90       0x24 ./SDK/platform/drivers/src/clock/S32K1xx/clock_S32K1xx.o
 .text.SCG_SetFircControl
                0x00001eb4       0x42 ./SDK/platform/drivers/src/clock/S32K1xx/clock_S32K1xx.o
 .text.SCG_GetSoscSystemClockMode
                0x00001ef6       0x32 ./SDK/platform/drivers/src/clock/S32K1xx/clock_S32K1xx.o
 .text.SCG_GetSoscStatus
                0x00001f28       0x28 ./SDK/platform/drivers/src/clock/S32K1xx/clock_S32K1xx.o
 .text.SCG_ClearSoscLock
                0x00001f50       0x24 ./SDK/platform/drivers/src/clock/S32K1xx/clock_S32K1xx.o
 .text.SCG_ClearSoscControl
                0x00001f74       0x1e ./SDK/platform/drivers/src/clock/S32K1xx/clock_S32K1xx.o
 .text.SCG_SetSoscConfiguration
                0x00001f92       0x3c ./SDK/platform/drivers/src/clock/S32K1xx/clock_S32K1xx.o
 .text.SCG_SetSoscControl
                0x00001fce       0x5e ./SDK/platform/drivers/src/clock/S32K1xx/clock_S32K1xx.o
 .text.SCG_GetSpllSystemClockMode
                0x0000202c       0x32 ./SDK/platform/drivers/src/clock/S32K1xx/clock_S32K1xx.o
 .text.SCG_GetSpllStatus
                0x0000205e       0x28 ./SDK/platform/drivers/src/clock/S32K1xx/clock_S32K1xx.o
 .text.SCG_GetSpllPredivider
                0x00002086       0x20 ./SDK/platform/drivers/src/clock/S32K1xx/clock_S32K1xx.o
 .text.SCG_GetSpllMultiplier
                0x000020a6       0x20 ./SDK/platform/drivers/src/clock/S32K1xx/clock_S32K1xx.o
 .text.SCG_ClearSpllLock
                0x000020c6       0x24 ./SDK/platform/drivers/src/clock/S32K1xx/clock_S32K1xx.o
 .text.SCG_ClearSpllControl
                0x000020ea       0x1e ./SDK/platform/drivers/src/clock/S32K1xx/clock_S32K1xx.o
 .text.SCG_SetSpllConfiguration
                0x00002108       0x34 ./SDK/platform/drivers/src/clock/S32K1xx/clock_S32K1xx.o
 .text.SCG_SetSpllControl
                0x0000213c       0x5e ./SDK/platform/drivers/src/clock/S32K1xx/clock_S32K1xx.o
 *fill*         0x0000219a        0x2 
 .text.PCC_SetPeripheralClockControl
                0x0000219c       0x60 ./SDK/platform/drivers/src/clock/S32K1xx/clock_S32K1xx.o
 .text.PCC_SetClockMode
                0x000021fc       0x70 ./SDK/platform/drivers/src/clock/S32K1xx/clock_S32K1xx.o
 .text.PCC_GetClockMode
                0x0000226c       0x44 ./SDK/platform/drivers/src/clock/S32K1xx/clock_S32K1xx.o
 .text.PCC_GetClockSourceSel
                0x000022b0       0x34 ./SDK/platform/drivers/src/clock/S32K1xx/clock_S32K1xx.o
 .text.PCC_GetFracValueSel
                0x000022e4       0x34 ./SDK/platform/drivers/src/clock/S32K1xx/clock_S32K1xx.o
 .text.PCC_GetDividerSel
                0x00002318       0x30 ./SDK/platform/drivers/src/clock/S32K1xx/clock_S32K1xx.o
 .text.PMC_SetLpoMode
                0x00002348       0x3e ./SDK/platform/drivers/src/clock/S32K1xx/clock_S32K1xx.o
 .text.PMC_GetLpoMode
                0x00002386       0x2c ./SDK/platform/drivers/src/clock/S32K1xx/clock_S32K1xx.o
 .text.PMC_SetLpoTrimValue
                0x000023b2       0x6c ./SDK/platform/drivers/src/clock/S32K1xx/clock_S32K1xx.o
 .text.SMC_GetCurrentRunningMode
                0x0000241e       0x1a ./SDK/platform/drivers/src/clock/S32K1xx/clock_S32K1xx.o
 .text.CLOCK_DRV_Init
                0x00002438       0x84 ./SDK/platform/drivers/src/clock/S32K1xx/clock_S32K1xx.o
                0x00002438                CLOCK_DRV_Init
 .text.CLOCK_SYS_SetScgConfiguration
                0x000024bc       0xcc ./SDK/platform/drivers/src/clock/S32K1xx/clock_S32K1xx.o
 .text.CLOCK_SYS_SetPccConfiguration
                0x00002588       0xc8 ./SDK/platform/drivers/src/clock/S32K1xx/clock_S32K1xx.o
 .text.CLOCK_SYS_SetSimConfiguration
                0x00002650      0x160 ./SDK/platform/drivers/src/clock/S32K1xx/clock_S32K1xx.o
 .text.CLOCK_SYS_SetPmcConfiguration
                0x000027b0       0x48 ./SDK/platform/drivers/src/clock/S32K1xx/clock_S32K1xx.o
 .text.CLOCK_SYS_GetDefaultConfiguration
                0x000027f8      0x274 ./SDK/platform/drivers/src/clock/S32K1xx/clock_S32K1xx.o
 .text.CLOCK_SYS_GetScgClockFreq
                0x00002a6c      0x144 ./SDK/platform/drivers/src/clock/S32K1xx/clock_S32K1xx.o
 .text.CLOCK_SYS_GetSimClockFreq
                0x00002bb0      0x10c ./SDK/platform/drivers/src/clock/S32K1xx/clock_S32K1xx.o
 .text.CLOCK_SYS_GetOtherSimClockFreq
                0x00002cbc      0x104 ./SDK/platform/drivers/src/clock/S32K1xx/clock_S32K1xx.o
 .text.CLOCK_SYS_CheckPCCClock
                0x00002dc0       0x68 ./SDK/platform/drivers/src/clock/S32K1xx/clock_S32K1xx.o
 .text.CLOCK_SYS_GetPccClockFreq
                0x00002e28      0x11c ./SDK/platform/drivers/src/clock/S32K1xx/clock_S32K1xx.o
 .text.CLOCK_DRV_GetFreq
                0x00002f44       0x5c ./SDK/platform/drivers/src/clock/S32K1xx/clock_S32K1xx.o
                0x00002f44                CLOCK_DRV_GetFreq
 .text.CLOCK_SYS_GetFtmOptionFreq
                0x00002fa0       0x74 ./SDK/platform/drivers/src/clock/S32K1xx/clock_S32K1xx.o
 .text.SIM_CheckPeripheralClockGate
                0x00003014       0xd8 ./SDK/platform/drivers/src/clock/S32K1xx/clock_S32K1xx.o
 .text.CLOCK_SYS_GetPeripheralClock
                0x000030ec       0xf0 ./SDK/platform/drivers/src/clock/S32K1xx/clock_S32K1xx.o
 .text.CLOCK_SYS_GetCurrentRunMode
                0x000031dc       0x44 ./SDK/platform/drivers/src/clock/S32K1xx/clock_S32K1xx.o
 .text.CLOCK_SYS_TransitionSystemClock
                0x00003220       0x98 ./SDK/platform/drivers/src/clock/S32K1xx/clock_S32K1xx.o
 .text.CLOCK_SYS_GetSimClkOutFreq
                0x000032b8       0xf0 ./SDK/platform/drivers/src/clock/S32K1xx/clock_S32K1xx.o
 .text.CLOCK_SYS_GetScgClkOutFreq
                0x000033a8       0x74 ./SDK/platform/drivers/src/clock/S32K1xx/clock_S32K1xx.o
 .text.CLOCK_SYS_GetSimRtcClkFreq
                0x0000341c       0x78 ./SDK/platform/drivers/src/clock/S32K1xx/clock_S32K1xx.o
 .text.CLOCK_SYS_ConfigureSIRC
                0x00003494       0xc8 ./SDK/platform/drivers/src/clock/S32K1xx/clock_S32K1xx.o
 .text.CLOCK_SYS_ConfigureFIRC
                0x0000355c       0xc4 ./SDK/platform/drivers/src/clock/S32K1xx/clock_S32K1xx.o
 .text.CLOCK_SYS_ConfigureSOSC
                0x00003620      0x12c ./SDK/platform/drivers/src/clock/S32K1xx/clock_S32K1xx.o
 .text.CLOCK_SYS_ConfigureSPLL
                0x0000374c      0x158 ./SDK/platform/drivers/src/clock/S32K1xx/clock_S32K1xx.o
 .text.CLOCK_SYS_ConfigureTemporarySystemClock
                0x000038a4       0x68 ./SDK/platform/drivers/src/clock/S32K1xx/clock_S32K1xx.o
 .text.CLOCK_SYS_ConfigureModulesFromScg
                0x0000390c      0x1cc ./SDK/platform/drivers/src/clock/S32K1xx/clock_S32K1xx.o
 .text.CLOCK_SYS_GetSystemClockFreq
                0x00003ad8       0xd0 ./SDK/platform/drivers/src/clock/S32K1xx/clock_S32K1xx.o
 .text.CLOCK_SYS_GetSrcFreq
                0x00003ba8       0x64 ./SDK/platform/drivers/src/clock/S32K1xx/clock_S32K1xx.o
 .text.CLOCK_SYS_SetSystemClockConfig
                0x00003c0c      0x284 ./SDK/platform/drivers/src/clock/S32K1xx/clock_S32K1xx.o
 .text.CLOCK_SYS_GetSysAsyncFreq
                0x00003e90      0x12c ./SDK/platform/drivers/src/clock/S32K1xx/clock_S32K1xx.o
 .text.CLOCK_SYS_GetSysOscFreq
                0x00003fbc       0x30 ./SDK/platform/drivers/src/clock/S32K1xx/clock_S32K1xx.o
 .text.CLOCK_SYS_GetSircFreq
                0x00003fec       0x38 ./SDK/platform/drivers/src/clock/S32K1xx/clock_S32K1xx.o
 .text.CLOCK_SYS_GetFircFreq
                0x00004024       0x3c ./SDK/platform/drivers/src/clock/S32K1xx/clock_S32K1xx.o
 .text.CLOCK_SYS_GetSysPllFreq
                0x00004060       0x64 ./SDK/platform/drivers/src/clock/S32K1xx/clock_S32K1xx.o
 .text.CLOCK_SYS_GetLpoFreq
                0x000040c4       0x8c ./SDK/platform/drivers/src/clock/S32K1xx/clock_S32K1xx.o
 .text.CLOCK_SYS_Init
                0x00004150       0x64 ./SDK/platform/drivers/src/clock/S32K1xx/clock_S32K1xx.o
                0x00004150                CLOCK_SYS_Init
 .text.CLOCK_SYS_UpdateConfiguration
                0x000041b4      0x194 ./SDK/platform/drivers/src/clock/S32K1xx/clock_S32K1xx.o
                0x000041b4                CLOCK_SYS_UpdateConfiguration
 .text.CLOCK_SYS_GetFreq
                0x00004348       0x20 ./SDK/platform/drivers/src/clock/S32K1xx/clock_S32K1xx.o
                0x00004348                CLOCK_SYS_GetFreq
 .text.CLOCK_SYS_SetConfiguration
                0x00004368       0x18 ./SDK/platform/drivers/src/clock/S32K1xx/clock_S32K1xx.o
                0x00004368                CLOCK_SYS_SetConfiguration
 .text.DevAssert
                0x00004380       0x22 ./SDK/platform/drivers/src/edma/edma_driver.o
 .text.EDMA_SetMinorLoopMappingCmd
                0x000043a2       0x3e ./SDK/platform/drivers/src/edma/edma_driver.o
 .text.EDMA_ClearErrorIntStatusFlag
                0x000043e0       0x2c ./SDK/platform/drivers/src/edma/edma_driver.o
 .text.EDMA_ClearDoneStatusFlag
                0x0000440c       0x2c ./SDK/platform/drivers/src/edma/edma_driver.o
 .text.EDMA_ClearIntStatusFlag
                0x00004438       0x2c ./SDK/platform/drivers/src/edma/edma_driver.o
 .text.EDMA_TCDSetSrcAddr
                0x00004464       0x36 ./SDK/platform/drivers/src/edma/edma_driver.o
 .text.EDMA_TCDSetSrcOffset
                0x0000449a       0x3c ./SDK/platform/drivers/src/edma/edma_driver.o
 .text.EDMA_TCDSetDestAddr
                0x000044d6       0x3a ./SDK/platform/drivers/src/edma/edma_driver.o
 .text.EDMA_TCDSetDestOffset
                0x00004510       0x3e ./SDK/platform/drivers/src/edma/edma_driver.o
 .text.EDMA_TCDSetDisableDmaRequestAfterTCDDoneCmd
                0x0000454e       0x6c ./SDK/platform/drivers/src/edma/edma_driver.o
 .text.EDMA_TCDSetMajorCompleteIntCmd
                0x000045ba       0x6c ./SDK/platform/drivers/src/edma/edma_driver.o
 *fill*         0x00004626        0x2 
 .text.EDMA_DRV_InstallCallback
                0x00004628       0x78 ./SDK/platform/drivers/src/edma/edma_driver.o
                0x00004628                EDMA_DRV_InstallCallback
 .text.EDMA_DRV_ClearIntStatus
                0x000046a0       0x3c ./SDK/platform/drivers/src/edma/edma_driver.o
 .text.EDMA_DRV_IRQHandler
                0x000046dc       0x4c ./SDK/platform/drivers/src/edma/edma_driver.o
                0x000046dc                EDMA_DRV_IRQHandler
 .text.EDMA_DRV_ErrorIRQHandler
                0x00004728       0x7c ./SDK/platform/drivers/src/edma/edma_driver.o
                0x00004728                EDMA_DRV_ErrorIRQHandler
 .text.EDMA_DRV_ConfigSingleBlockTransfer
                0x000047a4      0x200 ./SDK/platform/drivers/src/edma/edma_driver.o
                0x000047a4                EDMA_DRV_ConfigSingleBlockTransfer
 .text.EDMA_DRV_StartChannel
                0x000049a4       0x7c ./SDK/platform/drivers/src/edma/edma_driver.o
                0x000049a4                EDMA_DRV_StartChannel
 .text.EDMA_DRV_StopChannel
                0x00004a20       0x7c ./SDK/platform/drivers/src/edma/edma_driver.o
                0x00004a20                EDMA_DRV_StopChannel
 .text.EDMA_DRV_DisableRequestsOnTransferComplete
                0x00004a9c       0x80 ./SDK/platform/drivers/src/edma/edma_driver.o
                0x00004a9c                EDMA_DRV_DisableRequestsOnTransferComplete
 .text.EDMA_DRV_ValidTransferSize
                0x00004b1c       0x4c ./SDK/platform/drivers/src/edma/edma_driver.o
 .text.EDMA_DRV_GetDmaRegBaseAddr
                0x00004b68       0x28 ./SDK/platform/drivers/src/edma/edma_driver.o
                0x00004b68                EDMA_DRV_GetDmaRegBaseAddr
 .text.DevAssert
                0x00004b90       0x22 ./SDK/platform/drivers/src/edma/edma_hw_access.o
 .text.EDMA_SetDmaRequestCmd
                0x00004bb2       0x30 ./SDK/platform/drivers/src/edma/edma_hw_access.o
                0x00004bb2                EDMA_SetDmaRequestCmd
 .text.EDMA_TCDClearReg
                0x00004be2       0xd6 ./SDK/platform/drivers/src/edma/edma_hw_access.o
                0x00004be2                EDMA_TCDClearReg
 .text.EDMA_TCDSetAttribute
                0x00004cb8       0x7e ./SDK/platform/drivers/src/edma/edma_hw_access.o
                0x00004cb8                EDMA_TCDSetAttribute
 .text.EDMA_TCDSetNbytes
                0x00004d36       0xda ./SDK/platform/drivers/src/edma/edma_hw_access.o
                0x00004d36                EDMA_TCDSetNbytes
 .text.EDMA_TCDSetMajorCount
                0x00004e10      0x15a ./SDK/platform/drivers/src/edma/edma_hw_access.o
                0x00004e10                EDMA_TCDSetMajorCount
 .text.EDMA_GetErrorIntStatusFlag
                0x00004f6a       0x18 ./SDK/platform/drivers/src/edma/edma_irq.o
 .text.DMA0_IRQHandler
                0x00004f82        0xe ./SDK/platform/drivers/src/edma/edma_irq.o
                0x00004f82                DMA0_IRQHandler
 .text.DMA1_IRQHandler
                0x00004f90        0xe ./SDK/platform/drivers/src/edma/edma_irq.o
                0x00004f90                DMA1_IRQHandler
 .text.DMA2_IRQHandler
                0x00004f9e        0xe ./SDK/platform/drivers/src/edma/edma_irq.o
                0x00004f9e                DMA2_IRQHandler
 .text.DMA3_IRQHandler
                0x00004fac        0xe ./SDK/platform/drivers/src/edma/edma_irq.o
                0x00004fac                DMA3_IRQHandler
 .text.DMA4_IRQHandler
                0x00004fba        0xe ./SDK/platform/drivers/src/edma/edma_irq.o
                0x00004fba                DMA4_IRQHandler
 .text.DMA5_IRQHandler
                0x00004fc8        0xe ./SDK/platform/drivers/src/edma/edma_irq.o
                0x00004fc8                DMA5_IRQHandler
 .text.DMA6_IRQHandler
                0x00004fd6        0xe ./SDK/platform/drivers/src/edma/edma_irq.o
                0x00004fd6                DMA6_IRQHandler
 .text.DMA7_IRQHandler
                0x00004fe4        0xe ./SDK/platform/drivers/src/edma/edma_irq.o
                0x00004fe4                DMA7_IRQHandler
 .text.DMA8_IRQHandler
                0x00004ff2        0xe ./SDK/platform/drivers/src/edma/edma_irq.o
                0x00004ff2                DMA8_IRQHandler
 .text.DMA9_IRQHandler
                0x00005000        0xe ./SDK/platform/drivers/src/edma/edma_irq.o
                0x00005000                DMA9_IRQHandler
 .text.DMA10_IRQHandler
                0x0000500e        0xe ./SDK/platform/drivers/src/edma/edma_irq.o
                0x0000500e                DMA10_IRQHandler
 .text.DMA11_IRQHandler
                0x0000501c        0xe ./SDK/platform/drivers/src/edma/edma_irq.o
                0x0000501c                DMA11_IRQHandler
 .text.DMA12_IRQHandler
                0x0000502a        0xe ./SDK/platform/drivers/src/edma/edma_irq.o
                0x0000502a                DMA12_IRQHandler
 .text.DMA13_IRQHandler
                0x00005038        0xe ./SDK/platform/drivers/src/edma/edma_irq.o
                0x00005038                DMA13_IRQHandler
 .text.DMA14_IRQHandler
                0x00005046        0xe ./SDK/platform/drivers/src/edma/edma_irq.o
                0x00005046                DMA14_IRQHandler
 .text.DMA15_IRQHandler
                0x00005054        0xe ./SDK/platform/drivers/src/edma/edma_irq.o
                0x00005054                DMA15_IRQHandler
 .text.DMA_Error_IRQHandler
                0x00005062       0x4c ./SDK/platform/drivers/src/edma/edma_irq.o
                0x00005062                DMA_Error_IRQHandler
 .text.DevAssert
                0x000050ae       0x22 ./SDK/platform/drivers/src/flexcan/flexcan_driver.o
 .text.RxFifoOcuppiedLastMsgBuff
                0x000050d0       0x1e ./SDK/platform/drivers/src/flexcan/flexcan_driver.o
 .text.FLEXCAN_IsEnabled
                0x000050ee       0x1e ./SDK/platform/drivers/src/flexcan/flexcan_driver.o
 .text.FLEXCAN_SelectClock
                0x0000510c       0x2e ./SDK/platform/drivers/src/flexcan/flexcan_driver.o
 .text.FLEXCAN_SetTimeSegments
                0x0000513a       0x70 ./SDK/platform/drivers/src/flexcan/flexcan_driver.o
 *fill*         0x000051aa        0x2 
 .text.FLEXCAN_SetExtendedTimeSegments
                0x000051ac       0x74 ./SDK/platform/drivers/src/flexcan/flexcan_driver.o
 .text.FLEXCAN_SetFDTimeSegments
                0x00005220       0x80 ./SDK/platform/drivers/src/flexcan/flexcan_driver.o
 .text.FLEXCAN_GetFreezeMode
                0x000052a0       0x28 ./SDK/platform/drivers/src/flexcan/flexcan_driver.o
 .text.FLEXCAN_SetFDEnabled
                0x000052c8       0x60 ./SDK/platform/drivers/src/flexcan/flexcan_driver.o
 .text.FLEXCAN_IsFDEnabled
                0x00005328       0x26 ./SDK/platform/drivers/src/flexcan/flexcan_driver.o
 .text.FLEXCAN_UnlockRxMsgBuff
                0x0000534e       0x18 ./SDK/platform/drivers/src/flexcan/flexcan_driver.o
 .text.FLEXCAN_IsRxFifoEnabled
                0x00005366       0x26 ./SDK/platform/drivers/src/flexcan/flexcan_driver.o
 .text.FLEXCAN_GetMsgBuffIntStatusFlag
                0x0000538c       0x42 ./SDK/platform/drivers/src/flexcan/flexcan_driver.o
 .text.FLEXCAN_ClearFIFO
                0x000053ce       0x1a ./SDK/platform/drivers/src/flexcan/flexcan_driver.o
 .text.FLEXCAN_ClearMsgBuffIntStatusFlag
                0x000053e8       0x30 ./SDK/platform/drivers/src/flexcan/flexcan_driver.o
 .text.FLEXCAN_GetBuffStatusFlag
                0x00005418       0x42 ./SDK/platform/drivers/src/flexcan/flexcan_driver.o
 .text.FLEXCAN_SetRxMaskType
                0x0000545a       0x38 ./SDK/platform/drivers/src/flexcan/flexcan_driver.o
 *fill*         0x00005492        0x2 
 .text.FLEXCAN_SetRxMsgBuffGlobalStdMask
                0x00005494       0x28 ./SDK/platform/drivers/src/flexcan/flexcan_driver.o
 .text.FLEXCAN_SetRxMsgBuffGlobalExtMask
                0x000054bc       0x20 ./SDK/platform/drivers/src/flexcan/flexcan_driver.o
 .text.FLEXCAN_SetStuffBitCount
                0x000054dc       0x34 ./SDK/platform/drivers/src/flexcan/flexcan_driver.o
 .text.FLEXCAN_SetSelfReception
                0x00005510       0x34 ./SDK/platform/drivers/src/flexcan/flexcan_driver.o
 .text.FLEXCAN_InstanceHasFD
                0x00005544       0x20 ./SDK/platform/drivers/src/flexcan/flexcan_driver.o
 .text.FLEXCAN_SetRxFifoDMA
                0x00005564       0x34 ./SDK/platform/drivers/src/flexcan/flexcan_driver.o
 .text.FLEXCAN_IsPNEnabled
                0x00005598       0x26 ./SDK/platform/drivers/src/flexcan/flexcan_driver.o
 .text.FLEXCAN_GetWTOF
                0x000055be       0x24 ./SDK/platform/drivers/src/flexcan/flexcan_driver.o
 .text.FLEXCAN_ClearWTOF
                0x000055e2       0x24 ./SDK/platform/drivers/src/flexcan/flexcan_driver.o
 .text.FLEXCAN_GetWUMF
                0x00005606       0x24 ./SDK/platform/drivers/src/flexcan/flexcan_driver.o
 .text.FLEXCAN_ClearWUMF
                0x0000562a       0x24 ./SDK/platform/drivers/src/flexcan/flexcan_driver.o
 *fill*         0x0000564e        0x2 
 .text.FLEXCAN_DRV_SetRxMaskType
                0x00005650       0x70 ./SDK/platform/drivers/src/flexcan/flexcan_driver.o
                0x00005650                FLEXCAN_DRV_SetRxMaskType
 .text.FLEXCAN_DRV_SetRxMbGlobalMask
                0x000056c0       0x84 ./SDK/platform/drivers/src/flexcan/flexcan_driver.o
                0x000056c0                FLEXCAN_DRV_SetRxMbGlobalMask
 .text.FLEXCAN_EnableIRQs
                0x00005744       0x98 ./SDK/platform/drivers/src/flexcan/flexcan_driver.o
 .text.FLEXCAN_DRV_Init
                0x000057dc      0x2dc ./SDK/platform/drivers/src/flexcan/flexcan_driver.o
                0x000057dc                FLEXCAN_DRV_Init
 .text.FLEXCAN_DRV_ConfigTxMb
                0x00005ab8       0xa4 ./SDK/platform/drivers/src/flexcan/flexcan_driver.o
                0x00005ab8                FLEXCAN_DRV_ConfigTxMb
 .text.FLEXCAN_DRV_Send
                0x00005b5c       0x94 ./SDK/platform/drivers/src/flexcan/flexcan_driver.o
                0x00005b5c                FLEXCAN_DRV_Send
 .text.FLEXCAN_DRV_ConfigRxMb
                0x00005bf0       0xe0 ./SDK/platform/drivers/src/flexcan/flexcan_driver.o
                0x00005bf0                FLEXCAN_DRV_ConfigRxMb
 .text.FLEXCAN_DRV_ConfigRxFifo
                0x00005cd0       0x74 ./SDK/platform/drivers/src/flexcan/flexcan_driver.o
                0x00005cd0                FLEXCAN_DRV_ConfigRxFifo
 .text.FLEXCAN_DRV_Receive
                0x00005d44       0x60 ./SDK/platform/drivers/src/flexcan/flexcan_driver.o
                0x00005d44                FLEXCAN_DRV_Receive
 .text.FLEXCAN_DRV_RxFifo
                0x00005da4       0x38 ./SDK/platform/drivers/src/flexcan/flexcan_driver.o
                0x00005da4                FLEXCAN_DRV_RxFifo
 .text.FLEXCAN_IRQHandlerRxFIFO
                0x00005ddc       0xdc ./SDK/platform/drivers/src/flexcan/flexcan_driver.o
 .text.FLEXCAN_IRQHandlerRxMB
                0x00005eb8       0xfc ./SDK/platform/drivers/src/flexcan/flexcan_driver.o
 .text.FLEXCAN_BusOff_IRQHandler
                0x00005fb4       0x60 ./SDK/platform/drivers/src/flexcan/flexcan_driver.o
                0x00005fb4                FLEXCAN_BusOff_IRQHandler
 .text.FLEXCAN_IRQHandler
                0x00006014      0x1d4 ./SDK/platform/drivers/src/flexcan/flexcan_driver.o
                0x00006014                FLEXCAN_IRQHandler
 .text.FLEXCAN_Error_IRQHandler
                0x000061e8       0x60 ./SDK/platform/drivers/src/flexcan/flexcan_driver.o
                0x000061e8                FLEXCAN_Error_IRQHandler
 .text.FLEXCAN_WakeUpHandler
                0x00006248       0xa4 ./SDK/platform/drivers/src/flexcan/flexcan_driver.o
                0x00006248                FLEXCAN_WakeUpHandler
 .text.FLEXCAN_StartSendData
                0x000062ec      0x144 ./SDK/platform/drivers/src/flexcan/flexcan_driver.o
 .text.FLEXCAN_StartRxMessageBufferData
                0x00006430      0x114 ./SDK/platform/drivers/src/flexcan/flexcan_driver.o
 .text.FLEXCAN_StartRxMessageFifoData
                0x00006544      0x18c ./SDK/platform/drivers/src/flexcan/flexcan_driver.o
 .text.FLEXCAN_CompleteTransfer
                0x000066d0       0x8c ./SDK/platform/drivers/src/flexcan/flexcan_driver.o
 .text.FLEXCAN_CompleteRxFifoDataDMA
                0x0000675c       0x58 ./SDK/platform/drivers/src/flexcan/flexcan_driver.o
 .text.FLEXCAN_CompleteRxMessageFifoData
                0x000067b4      0x13c ./SDK/platform/drivers/src/flexcan/flexcan_driver.o
 .text.FLEXCAN_DRV_InstallEventCallback
                0x000068f0       0x48 ./SDK/platform/drivers/src/flexcan/flexcan_driver.o
                0x000068f0                FLEXCAN_DRV_InstallEventCallback
 .text.DevAssert
                0x00006938       0x22 ./SDK/platform/drivers/src/flexcan/flexcan_hw_access.o
 .text.RxFifoOcuppiedLastMsgBuff
                0x0000695a       0x1e ./SDK/platform/drivers/src/flexcan/flexcan_hw_access.o
 .text.FLEXCAN_GetFreezeMode
                0x00006978       0x28 ./SDK/platform/drivers/src/flexcan/flexcan_hw_access.o
 .text.FLEXCAN_IsFDEnabled
                0x000069a0       0x26 ./SDK/platform/drivers/src/flexcan/flexcan_hw_access.o
 .text.FLEXCAN_IsRxFifoEnabled
                0x000069c6       0x26 ./SDK/platform/drivers/src/flexcan/flexcan_hw_access.o
 .text.FLEXCAN_SetSelfReception
                0x000069ec       0x34 ./SDK/platform/drivers/src/flexcan/flexcan_hw_access.o
 .text.FLEXCAN_ComputeDLCValue
                0x00006a20       0x30 ./SDK/platform/drivers/src/flexcan/flexcan_hw_access.o
 .text.FLEXCAN_ComputePayloadSize
                0x00006a50       0x80 ./SDK/platform/drivers/src/flexcan/flexcan_hw_access.o
 .text.FLEXCAN_GetMaxMbNum
                0x00006ad0       0x4c ./SDK/platform/drivers/src/flexcan/flexcan_hw_access.o
                0x00006ad0                FLEXCAN_GetMaxMbNum
 .text.FLEXCAN_ClearRAM
                0x00006b1c       0x72 ./SDK/platform/drivers/src/flexcan/flexcan_hw_access.o
 .text.FLEXCAN_GetMsgBuffRegion
                0x00006b8e       0x6c ./SDK/platform/drivers/src/flexcan/flexcan_hw_access.o
                0x00006b8e                FLEXCAN_GetMsgBuffRegion
 .text.FLEXCAN_Enable
                0x00006bfa       0x54 ./SDK/platform/drivers/src/flexcan/flexcan_hw_access.o
                0x00006bfa                FLEXCAN_Enable
 .text.FLEXCAN_Disable
                0x00006c4e       0x36 ./SDK/platform/drivers/src/flexcan/flexcan_hw_access.o
                0x00006c4e                FLEXCAN_Disable
 .text.FLEXCAN_Init
                0x00006c84       0x6c ./SDK/platform/drivers/src/flexcan/flexcan_hw_access.o
                0x00006c84                FLEXCAN_Init
 .text.FLEXCAN_SetTxMsgBuff
                0x00006cf0      0x28c ./SDK/platform/drivers/src/flexcan/flexcan_hw_access.o
                0x00006cf0                FLEXCAN_SetTxMsgBuff
 .text.FLEXCAN_SetRxMsgBuff
                0x00006f7c      0x134 ./SDK/platform/drivers/src/flexcan/flexcan_hw_access.o
                0x00006f7c                FLEXCAN_SetRxMsgBuff
 .text.FLEXCAN_GetMsgBuff
                0x000070b0      0x134 ./SDK/platform/drivers/src/flexcan/flexcan_hw_access.o
                0x000070b0                FLEXCAN_GetMsgBuff
 .text.FLEXCAN_LockRxMsgBuff
                0x000071e4       0x20 ./SDK/platform/drivers/src/flexcan/flexcan_hw_access.o
                0x000071e4                FLEXCAN_LockRxMsgBuff
 .text.FLEXCAN_EnableRxFifo
                0x00007204       0x86 ./SDK/platform/drivers/src/flexcan/flexcan_hw_access.o
                0x00007204                FLEXCAN_EnableRxFifo
 .text.FLEXCAN_SetMaxMsgBuffNum
                0x0000728a      0x102 ./SDK/platform/drivers/src/flexcan/flexcan_hw_access.o
                0x0000728a                FLEXCAN_SetMaxMsgBuffNum
 .text.FLEXCAN_SetRxFifoFilter
                0x0000738c      0x418 ./SDK/platform/drivers/src/flexcan/flexcan_hw_access.o
                0x0000738c                FLEXCAN_SetRxFifoFilter
 .text.FLEXCAN_SetMsgBuffIntCmd
                0x000077a4       0x56 ./SDK/platform/drivers/src/flexcan/flexcan_hw_access.o
                0x000077a4                FLEXCAN_SetMsgBuffIntCmd
 .text.FLEXCAN_ExitFreezeMode
                0x000077fa       0x3a ./SDK/platform/drivers/src/flexcan/flexcan_hw_access.o
                0x000077fa                FLEXCAN_ExitFreezeMode
 .text.FLEXCAN_EnterFreezeMode
                0x00007834      0x10a ./SDK/platform/drivers/src/flexcan/flexcan_hw_access.o
                0x00007834                FLEXCAN_EnterFreezeMode
 *fill*         0x0000793e        0x2 
 .text.FLEXCAN_ClearErrIntStatusFlag
                0x00007940       0x34 ./SDK/platform/drivers/src/flexcan/flexcan_hw_access.o
                0x00007940                FLEXCAN_ClearErrIntStatusFlag
 .text.FLEXCAN_ClearBusOffIntStatusFlag
                0x00007974       0x30 ./SDK/platform/drivers/src/flexcan/flexcan_hw_access.o
                0x00007974                FLEXCAN_ClearBusOffIntStatusFlag
 .text.FLEXCAN_ReadRxFifo
                0x000079a4       0xb8 ./SDK/platform/drivers/src/flexcan/flexcan_hw_access.o
                0x000079a4                FLEXCAN_ReadRxFifo
 .text.FLEXCAN_SetOperationMode
                0x00007a5c       0xa4 ./SDK/platform/drivers/src/flexcan/flexcan_hw_access.o
                0x00007a5c                FLEXCAN_SetOperationMode
 .text.FLEXCAN_IsOutOfRangeMbIdx
                0x00007b00       0x5a ./SDK/platform/drivers/src/flexcan/flexcan_hw_access.o
                0x00007b00                FLEXCAN_IsOutOfRangeMbIdx
 .text.FLEXCAN_SetPayloadSize
                0x00007b5a       0x66 ./SDK/platform/drivers/src/flexcan/flexcan_hw_access.o
                0x00007b5a                FLEXCAN_SetPayloadSize
 .text.FLEXCAN_GetPayloadSize
                0x00007bc0       0x42 ./SDK/platform/drivers/src/flexcan/flexcan_hw_access.o
                0x00007bc0                FLEXCAN_GetPayloadSize
 .text.CAN0_ORed_IRQHandler
                0x00007c02        0xe ./SDK/platform/drivers/src/flexcan/flexcan_irq.o
                0x00007c02                CAN0_ORed_IRQHandler
 .text.CAN0_Error_IRQHandler
                0x00007c10        0xe ./SDK/platform/drivers/src/flexcan/flexcan_irq.o
                0x00007c10                CAN0_Error_IRQHandler
 .text.CAN0_Wake_Up_IRQHandler
                0x00007c1e        0xe ./SDK/platform/drivers/src/flexcan/flexcan_irq.o
                0x00007c1e                CAN0_Wake_Up_IRQHandler
 .text.CAN0_ORed_0_15_MB_IRQHandler
                0x00007c2c        0xe ./SDK/platform/drivers/src/flexcan/flexcan_irq.o
                0x00007c2c                CAN0_ORed_0_15_MB_IRQHandler
 .text.CAN0_ORed_16_31_MB_IRQHandler
                0x00007c3a        0xe ./SDK/platform/drivers/src/flexcan/flexcan_irq.o
                0x00007c3a                CAN0_ORed_16_31_MB_IRQHandler
 .text.CAN1_ORed_IRQHandler
                0x00007c48        0xe ./SDK/platform/drivers/src/flexcan/flexcan_irq.o
                0x00007c48                CAN1_ORed_IRQHandler
 .text.CAN1_Error_IRQHandler
                0x00007c56        0xe ./SDK/platform/drivers/src/flexcan/flexcan_irq.o
                0x00007c56                CAN1_Error_IRQHandler
 .text.CAN1_ORed_0_15_MB_IRQHandler
                0x00007c64        0xe ./SDK/platform/drivers/src/flexcan/flexcan_irq.o
                0x00007c64                CAN1_ORed_0_15_MB_IRQHandler
 .text.CAN2_ORed_IRQHandler
                0x00007c72        0xe ./SDK/platform/drivers/src/flexcan/flexcan_irq.o
                0x00007c72                CAN2_ORed_IRQHandler
 .text.CAN2_Error_IRQHandler
                0x00007c80        0xe ./SDK/platform/drivers/src/flexcan/flexcan_irq.o
                0x00007c80                CAN2_Error_IRQHandler
 .text.CAN2_ORed_0_15_MB_IRQHandler
                0x00007c8e        0xe ./SDK/platform/drivers/src/flexcan/flexcan_irq.o
                0x00007c8e                CAN2_ORed_0_15_MB_IRQHandler
 .text.DevAssert
                0x00007c9c       0x22 ./SDK/platform/drivers/src/interrupt/interrupt_manager.o
 *fill*         0x00007cbe        0x2 
 .text.INT_SYS_InstallHandler
                0x00007cc0       0xc8 ./SDK/platform/drivers/src/interrupt/interrupt_manager.o
                0x00007cc0                INT_SYS_InstallHandler
 .text.INT_SYS_EnableIRQ
                0x00007d88       0x58 ./SDK/platform/drivers/src/interrupt/interrupt_manager.o
                0x00007d88                INT_SYS_EnableIRQ
 .text.INT_SYS_DisableIRQ
                0x00007de0       0x58 ./SDK/platform/drivers/src/interrupt/interrupt_manager.o
                0x00007de0                INT_SYS_DisableIRQ
 .text.INT_SYS_EnableIRQGlobal
                0x00007e38       0x30 ./SDK/platform/drivers/src/interrupt/interrupt_manager.o
                0x00007e38                INT_SYS_EnableIRQGlobal
 .text.INT_SYS_DisableIRQGlobal
                0x00007e68       0x20 ./SDK/platform/drivers/src/interrupt/interrupt_manager.o
                0x00007e68                INT_SYS_DisableIRQGlobal
 .text.INT_SYS_SetPriority
                0x00007e88       0xc8 ./SDK/platform/drivers/src/interrupt/interrupt_manager.o
                0x00007e88                INT_SYS_SetPriority
 .text.DevAssert
                0x00007f50       0x22 ./SDK/platform/drivers/src/mpu/mpu_driver.o
 .text.MPU_Enable
                0x00007f72       0x32 ./SDK/platform/drivers/src/mpu/mpu_driver.o
 .text.MPU_SetRegionValidCmd
                0x00007fa4       0x4a ./SDK/platform/drivers/src/mpu/mpu_driver.o
 .text.MPU_SetProcessIdentifier
                0x00007fee       0x42 ./SDK/platform/drivers/src/mpu/mpu_driver.o
 .text.MPU_SetProcessIdentifierMask
                0x00008030       0x46 ./SDK/platform/drivers/src/mpu/mpu_driver.o
 .text.MPU_GetErrorStatus
                0x00008076       0x36 ./SDK/platform/drivers/src/mpu/mpu_driver.o
 .text.MPU_ClearErrorFlag
                0x000080ac       0x34 ./SDK/platform/drivers/src/mpu/mpu_driver.o
 .text.MPU_DRV_Init
                0x000080e0       0xb4 ./SDK/platform/drivers/src/mpu/mpu_driver.o
                0x000080e0                MPU_DRV_Init
 .text.MPU_DRV_Deinit
                0x00008194       0x74 ./SDK/platform/drivers/src/mpu/mpu_driver.o
                0x00008194                MPU_DRV_Deinit
 .text.MPU_DRV_SetRegionConfig
                0x00008208      0x100 ./SDK/platform/drivers/src/mpu/mpu_driver.o
                0x00008208                MPU_DRV_SetRegionConfig
 .text.MPU_DRV_GetDetailErrorAccessInfo
                0x00008308       0x88 ./SDK/platform/drivers/src/mpu/mpu_driver.o
                0x00008308                MPU_DRV_GetDetailErrorAccessInfo
 .text.MPU_SetRegionAddr
                0x00008390       0x3a ./SDK/platform/drivers/src/mpu/mpu_hw_access.o
                0x00008390                MPU_SetRegionAddr
 .text.MPU_SetMasterAccessRight
                0x000083ca       0xd0 ./SDK/platform/drivers/src/mpu/mpu_hw_access.o
                0x000083ca                MPU_SetMasterAccessRight
 *fill*         0x0000849a        0x2 
 .text.MPU_InitRegion
                0x0000849c       0x6c ./SDK/platform/drivers/src/mpu/mpu_hw_access.o
                0x0000849c                MPU_InitRegion
 .text.MPU_GetErrorInfo
                0x00008508       0x76 ./SDK/platform/drivers/src/mpu/mpu_hw_access.o
                0x00008508                MPU_GetErrorInfo
 .text.DevAssert
                0x0000857e       0x22 ./SDK/platform/drivers/src/pdb/pdb_driver.o
 .text.PDB_SetSoftTriggerCmd
                0x000085a0       0x2e ./SDK/platform/drivers/src/pdb/pdb_driver.o
 .text.PDB_Enable
                0x000085ce       0x2e ./SDK/platform/drivers/src/pdb/pdb_driver.o
 .text.PDB_SetLoadValuesCmd
                0x000085fc       0x2e ./SDK/platform/drivers/src/pdb/pdb_driver.o
 .text.PDB_SetAdcPreTriggerDelayValue
                0x0000862a       0x66 ./SDK/platform/drivers/src/pdb/pdb_driver.o
 .text.PDB_SIM_EnableInstanceBackToBack
                0x00008690       0x20 ./SDK/platform/drivers/src/pdb/pdb_driver.o
 .text.PDB_SIM_DisableInstanceBackToBack
                0x000086b0       0x20 ./SDK/platform/drivers/src/pdb/pdb_driver.o
 .text.PDB_DRV_Init
                0x000086d0       0xc8 ./SDK/platform/drivers/src/pdb/pdb_driver.o
                0x000086d0                PDB_DRV_Init
 .text.PDB_DRV_Enable
                0x00008798       0x38 ./SDK/platform/drivers/src/pdb/pdb_driver.o
                0x00008798                PDB_DRV_Enable
 .text.PDB_DRV_SoftTriggerCmd
                0x000087d0       0x38 ./SDK/platform/drivers/src/pdb/pdb_driver.o
                0x000087d0                PDB_DRV_SoftTriggerCmd
 .text.PDB_DRV_LoadValuesCmd
                0x00008808       0x38 ./SDK/platform/drivers/src/pdb/pdb_driver.o
                0x00008808                PDB_DRV_LoadValuesCmd
 .text.PDB_DRV_ConfigAdcPreTrigger
                0x00008840       0x94 ./SDK/platform/drivers/src/pdb/pdb_driver.o
                0x00008840                PDB_DRV_ConfigAdcPreTrigger
 .text.PDB_DRV_SetAdcPreTriggerDelayValue
                0x000088d4       0x7c ./SDK/platform/drivers/src/pdb/pdb_driver.o
                0x000088d4                PDB_DRV_SetAdcPreTriggerDelayValue
 .text.DevAssert
                0x00008950       0x22 ./SDK/platform/drivers/src/pdb/pdb_hw_access.o
 .text.PDB_Enable
                0x00008972       0x2e ./SDK/platform/drivers/src/pdb/pdb_hw_access.o
 .text.PDB_Disable
                0x000089a0       0x2e ./SDK/platform/drivers/src/pdb/pdb_hw_access.o
 .text.PDB_SetLoadValuesCmd
                0x000089ce       0x2e ./SDK/platform/drivers/src/pdb/pdb_hw_access.o
 .text.PDB_SetAdcPreTriggerDelayValue
                0x000089fc       0x66 ./SDK/platform/drivers/src/pdb/pdb_hw_access.o
 .text.PDB_Init
                0x00008a62       0xca ./SDK/platform/drivers/src/pdb/pdb_hw_access.o
                0x00008a62                PDB_Init
 .text.PDB_ConfigTimer
                0x00008b2c       0xd0 ./SDK/platform/drivers/src/pdb/pdb_hw_access.o
                0x00008b2c                PDB_ConfigTimer
 .text.PDB_SetAdcPreTriggerBackToBackEnable
                0x00008bfc       0x88 ./SDK/platform/drivers/src/pdb/pdb_hw_access.o
                0x00008bfc                PDB_SetAdcPreTriggerBackToBackEnable
 .text.PDB_SetAdcPreTriggerOutputEnable
                0x00008c84       0x84 ./SDK/platform/drivers/src/pdb/pdb_hw_access.o
                0x00008c84                PDB_SetAdcPreTriggerOutputEnable
 .text.PDB_SetAdcPreTriggerEnable
                0x00008d08       0x80 ./SDK/platform/drivers/src/pdb/pdb_hw_access.o
                0x00008d08                PDB_SetAdcPreTriggerEnable
 .text.PINS_GPIO_WritePin
                0x00008d88       0x44 ./SDK/platform/drivers/src/pins/pins_driver.o
 .text.PINS_GPIO_ReadPins
                0x00008dcc       0x20 ./SDK/platform/drivers/src/pins/pins_driver.o
 .text.PINS_DRV_Init
                0x00008dec       0x3e ./SDK/platform/drivers/src/pins/pins_driver.o
                0x00008dec                PINS_DRV_Init
 .text.PINS_DRV_WritePin
                0x00008e2a       0x22 ./SDK/platform/drivers/src/pins/pins_driver.o
                0x00008e2a                PINS_DRV_WritePin
 .text.PINS_DRV_ReadPins
                0x00008e4c       0x18 ./SDK/platform/drivers/src/pins/pins_driver.o
                0x00008e4c                PINS_DRV_ReadPins
 .text.DevAssert
                0x00008e64       0x22 ./SDK/platform/drivers/src/pins/pins_port_hw_access.o
 .text.PINS_GPIO_WritePin
                0x00008e86       0x44 ./SDK/platform/drivers/src/pins/pins_port_hw_access.o
 *fill*         0x00008eca        0x2 
 .text.PINS_GetAdcInterleaveVal
                0x00008ecc       0xe4 ./SDK/platform/drivers/src/pins/pins_port_hw_access.o
 .text.PINS_Init
                0x00008fb0      0x244 ./SDK/platform/drivers/src/pins/pins_port_hw_access.o
                0x00008fb0                PINS_Init
 .text.DevAssert
                0x000091f4       0x22 ./SDK/platform/drivers/src/trgmux/trgmux_driver.o
 *fill*         0x00009216        0x2 
 .text.TRGMUX_DRV_SetTrigSourceForTargetModule
                0x00009218       0x60 ./SDK/platform/drivers/src/trgmux/trgmux_driver.o
                0x00009218                TRGMUX_DRV_SetTrigSourceForTargetModule
 .text.DevAssert
                0x00009278       0x22 ./SDK/platform/drivers/src/trgmux/trgmux_hw_access.o
 .text.TRGMUX_SetTrigSourceForTargetModule
                0x0000929a       0x76 ./SDK/platform/drivers/src/trgmux/trgmux_hw_access.o
                0x0000929a                TRGMUX_SetTrigSourceForTargetModule
 .text.TRGMUX_GetLockForTargetModule
                0x00009310       0x4a ./SDK/platform/drivers/src/trgmux/trgmux_hw_access.o
                0x00009310                TRGMUX_GetLockForTargetModule
 .text.DevAssert
                0x0000935a       0x22 ./SDK/platform/drivers/src/wdog/wdog_driver.o
 .text.WDOG_GetClockSource
                0x0000937c       0x5c ./SDK/platform/drivers/src/wdog/wdog_driver.o
 .text.WDOG_DRV_GetClockSourceFreq
                0x000093d8       0x70 ./SDK/platform/drivers/src/wdog/wdog_driver.o
 .text.WDOG_DRV_Init
                0x00009448       0xc0 ./SDK/platform/drivers/src/wdog/wdog_driver.o
                0x00009448                WDOG_DRV_Init
 .text.WDOG_IsEnabled
                0x00009508       0x26 ./SDK/platform/drivers/src/wdog/wdog_hw_access.o
 .text.WDOG_IsUpdateEnabled
                0x0000952e       0x26 ./SDK/platform/drivers/src/wdog/wdog_hw_access.o
 .text.WDOG_IsUnlocked
                0x00009554       0x26 ./SDK/platform/drivers/src/wdog/wdog_hw_access.o
 .text.WDOG_IsReconfigurationComplete
                0x0000957a       0x26 ./SDK/platform/drivers/src/wdog/wdog_hw_access.o
 .text.WDOG_Config
                0x000095a0      0x194 ./SDK/platform/drivers/src/wdog/wdog_hw_access.o
                0x000095a0                WDOG_Config
 .text.ADC0_IRQHandler
                0x00009734        0xe ./SDK/platform/pal/src/adc/adc_irq.o
                0x00009734                ADC0_IRQHandler
 .text.ADC1_IRQHandler
                0x00009742        0xe ./SDK/platform/pal/src/adc/adc_irq.o
                0x00009742                ADC1_IRQHandler
 .text.DevAssert
                0x00009750       0x22 ./SDK/platform/pal/src/adc/adc_pal.o
 *fill*         0x00009772        0x2 
 .text.ADC_Init
                0x00009774      0x140 ./SDK/platform/pal/src/adc/adc_pal.o
                0x00009774                ADC_Init
 .text.ADC_StartGroupConversion
                0x000098b4      0x114 ./SDK/platform/pal/src/adc/adc_pal.o
                0x000098b4                ADC_StartGroupConversion
 .text.ADC_Init_S32K1xx
                0x000099c8      0x158 ./SDK/platform/pal/src/adc/adc_pal.o
 .text.ADC_S32K1xx_IrqHandler
                0x00009b20       0xdc ./SDK/platform/pal/src/adc/adc_pal.o
                0x00009b20                ADC_S32K1xx_IrqHandler
 .text.ADC_ConfigPdbAndPretriggers
                0x00009bfc      0x1c0 ./SDK/platform/pal/src/adc/adc_pal.o
 .text.ADC_ConfigGroup
                0x00009dbc       0xbc ./SDK/platform/pal/src/adc/adc_pal.o
 .text.ADC_GetHwGroupStatePtr
                0x00009e78       0x2c ./SDK/platform/pal/src/adc/adc_pal.o
 .text.ADC_AnyHwTrigGroupActive
                0x00009ea4       0x2c ./SDK/platform/pal/src/adc/adc_pal.o
 .text.ADC_PalStateUpdateStart
                0x00009ed0       0x8c ./SDK/platform/pal/src/adc/adc_pal.o
 .text.ADC_CallNotificationCb
                0x00009f5c       0x5a ./SDK/platform/pal/src/adc/adc_pal.o
 .text.DevAssert
                0x00009fb6       0x22 ./SDK/platform/pal/src/can/can_pal.o
 .text.CAN_AllocateState
                0x00009fd8       0x62 ./SDK/platform/pal/src/can/can_pal.o
 *fill*         0x0000a03a        0x2 
 .text.CAN_FindFlexCANState
                0x0000a03c       0x4c ./SDK/platform/pal/src/can/can_pal.o
 .text.CAN_GetVirtualBuffIdx
                0x0000a088       0x1e ./SDK/platform/pal/src/can/can_pal.o
 *fill*         0x0000a0a6        0x2 
 .text.CAN_InternalCallback
                0x0000a0a8       0xa8 ./SDK/platform/pal/src/can/can_pal.o
 .text.CAN_Init
                0x0000a150      0x1a8 ./SDK/platform/pal/src/can/can_pal.o
                0x0000a150                CAN_Init
 .text.CAN_ConfigTxBuff
                0x0000a2f8      0x118 ./SDK/platform/pal/src/can/can_pal.o
                0x0000a2f8                CAN_ConfigTxBuff
 .text.CAN_ConfigRxBuff
                0x0000a410      0x128 ./SDK/platform/pal/src/can/can_pal.o
                0x0000a410                CAN_ConfigRxBuff
 .text.CAN_Receive
                0x0000a538       0xe0 ./SDK/platform/pal/src/can/can_pal.o
                0x0000a538                CAN_Receive
 .text.CAN_InstallEventCallback
                0x0000a618       0x94 ./SDK/platform/pal/src/can/can_pal.o
                0x0000a618                CAN_InstallEventCallback
 .text.vListInitialise
                0x0000a6ac       0x40 ./SDK/rtos/FreeRTOS/Source/list.o
                0x0000a6ac                vListInitialise
 .text.vListInitialiseItem
                0x0000a6ec       0x1a ./SDK/rtos/FreeRTOS/Source/list.o
                0x0000a6ec                vListInitialiseItem
 .text.vListInsertEnd
                0x0000a706       0x48 ./SDK/rtos/FreeRTOS/Source/list.o
                0x0000a706                vListInsertEnd
 .text.vListInsert
                0x0000a74e       0x72 ./SDK/rtos/FreeRTOS/Source/list.o
                0x0000a74e                vListInsert
 .text.uxListRemove
                0x0000a7c0       0x54 ./SDK/rtos/FreeRTOS/Source/list.o
                0x0000a7c0                uxListRemove
 .text.xQueueGenericReset
                0x0000a814       0xbc ./SDK/rtos/FreeRTOS/Source/queue.o
                0x0000a814                xQueueGenericReset
 .text.xQueueGenericCreate
                0x0000a8d0       0x76 ./SDK/rtos/FreeRTOS/Source/queue.o
                0x0000a8d0                xQueueGenericCreate
 .text.prvInitialiseNewQueue
                0x0000a946       0x3e ./SDK/rtos/FreeRTOS/Source/queue.o
 .text.xQueueCreateCountingSemaphore
                0x0000a984       0x62 ./SDK/rtos/FreeRTOS/Source/queue.o
                0x0000a984                xQueueCreateCountingSemaphore
 .text.xQueueGenericSend
                0x0000a9e6      0x1c4 ./SDK/rtos/FreeRTOS/Source/queue.o
                0x0000a9e6                xQueueGenericSend
 .text.xQueueGenericSendFromISR
                0x0000abaa      0x128 ./SDK/rtos/FreeRTOS/Source/queue.o
                0x0000abaa                xQueueGenericSendFromISR
 .text.xQueueGiveFromISR
                0x0000acd2      0x112 ./SDK/rtos/FreeRTOS/Source/queue.o
                0x0000acd2                xQueueGiveFromISR
 .text.xQueueReceive
                0x0000ade4      0x198 ./SDK/rtos/FreeRTOS/Source/queue.o
                0x0000ade4                xQueueReceive
 .text.vQueueDelete
                0x0000af7c       0x3a ./SDK/rtos/FreeRTOS/Source/queue.o
                0x0000af7c                vQueueDelete
 .text.prvCopyDataToQueue
                0x0000afb6       0xd4 ./SDK/rtos/FreeRTOS/Source/queue.o
 .text.prvCopyDataFromQueue
                0x0000b08a       0x4c ./SDK/rtos/FreeRTOS/Source/queue.o
 .text.prvUnlockQueue
                0x0000b0d6       0xa4 ./SDK/rtos/FreeRTOS/Source/queue.o
 .text.prvIsQueueEmpty
                0x0000b17a       0x2c ./SDK/rtos/FreeRTOS/Source/queue.o
 .text.prvIsQueueFull
                0x0000b1a6       0x30 ./SDK/rtos/FreeRTOS/Source/queue.o
 *fill*         0x0000b1d6        0x2 
 .text.vQueueAddToRegistry
                0x0000b1d8       0x50 ./SDK/rtos/FreeRTOS/Source/queue.o
                0x0000b1d8                vQueueAddToRegistry
 .text.vQueueUnregisterQueue
                0x0000b228       0x54 ./SDK/rtos/FreeRTOS/Source/queue.o
                0x0000b228                vQueueUnregisterQueue
 .text.vQueueWaitForMessageRestricted
                0x0000b27c       0x68 ./SDK/rtos/FreeRTOS/Source/queue.o
                0x0000b27c                vQueueWaitForMessageRestricted
 .text.xTaskCreate
                0x0000b2e4       0x82 ./SDK/rtos/FreeRTOS/Source/tasks.o
                0x0000b2e4                xTaskCreate
 .text.prvInitialiseNewTask
                0x0000b366      0x13e ./SDK/rtos/FreeRTOS/Source/tasks.o
 .text.prvAddNewTaskToReadyList
                0x0000b4a4       0xc4 ./SDK/rtos/FreeRTOS/Source/tasks.o
 .text.vTaskDelayUntil
                0x0000b568       0xe4 ./SDK/rtos/FreeRTOS/Source/tasks.o
                0x0000b568                vTaskDelayUntil
 .text.vTaskStartScheduler
                0x0000b64c       0x98 ./SDK/rtos/FreeRTOS/Source/tasks.o
                0x0000b64c                vTaskStartScheduler
 .text.vTaskSuspendAll
                0x0000b6e4       0x1c ./SDK/rtos/FreeRTOS/Source/tasks.o
                0x0000b6e4                vTaskSuspendAll
 .text.xTaskResumeAll
                0x0000b700      0x124 ./SDK/rtos/FreeRTOS/Source/tasks.o
                0x0000b700                xTaskResumeAll
 .text.xTaskGetTickCount
                0x0000b824       0x20 ./SDK/rtos/FreeRTOS/Source/tasks.o
                0x0000b824                xTaskGetTickCount
 .text.xTaskIncrementTick
                0x0000b844      0x180 ./SDK/rtos/FreeRTOS/Source/tasks.o
                0x0000b844                xTaskIncrementTick
 .text.vTaskSwitchContext
                0x0000b9c4      0x100 ./SDK/rtos/FreeRTOS/Source/tasks.o
                0x0000b9c4                vTaskSwitchContext
 .text.vTaskPlaceOnEventList
                0x0000bac4       0x48 ./SDK/rtos/FreeRTOS/Source/tasks.o
                0x0000bac4                vTaskPlaceOnEventList
 .text.vTaskPlaceOnEventListRestricted
                0x0000bb0c       0x54 ./SDK/rtos/FreeRTOS/Source/tasks.o
                0x0000bb0c                vTaskPlaceOnEventListRestricted
 .text.xTaskRemoveFromEventList
                0x0000bb60       0xc4 ./SDK/rtos/FreeRTOS/Source/tasks.o
                0x0000bb60                xTaskRemoveFromEventList
 .text.vTaskInternalSetTimeOutState
                0x0000bc24       0x2c ./SDK/rtos/FreeRTOS/Source/tasks.o
                0x0000bc24                vTaskInternalSetTimeOutState
 .text.xTaskCheckForTimeOut
                0x0000bc50       0xe0 ./SDK/rtos/FreeRTOS/Source/tasks.o
                0x0000bc50                xTaskCheckForTimeOut
 .text.vTaskMissedYield
                0x0000bd30       0x18 ./SDK/rtos/FreeRTOS/Source/tasks.o
                0x0000bd30                vTaskMissedYield
 .text.prvIdleTask
                0x0000bd48       0x20 ./SDK/rtos/FreeRTOS/Source/tasks.o
 .text.prvInitialiseTaskLists
                0x0000bd68       0x80 ./SDK/rtos/FreeRTOS/Source/tasks.o
 .text.prvCheckTasksWaitingTermination
                0x0000bde8       0x58 ./SDK/rtos/FreeRTOS/Source/tasks.o
 .text.prvDeleteTCB
                0x0000be40       0x20 ./SDK/rtos/FreeRTOS/Source/tasks.o
 .text.prvResetNextTaskUnblockTime
                0x0000be60       0x40 ./SDK/rtos/FreeRTOS/Source/tasks.o
 .text.xTaskGetSchedulerState
                0x0000bea0       0x3c ./SDK/rtos/FreeRTOS/Source/tasks.o
                0x0000bea0                xTaskGetSchedulerState
 .text.xTaskPriorityDisinherit
                0x0000bedc      0x108 ./SDK/rtos/FreeRTOS/Source/tasks.o
                0x0000bedc                xTaskPriorityDisinherit
 .text.prvAddCurrentTaskToDelayedList
                0x0000bfe4       0xd4 ./SDK/rtos/FreeRTOS/Source/tasks.o
 .text.xTimerCreateTimerTask
                0x0000c0b8       0x64 ./SDK/rtos/FreeRTOS/Source/timers.o
                0x0000c0b8                xTimerCreateTimerTask
 .text.xTimerGenericCommand
                0x0000c11c       0x98 ./SDK/rtos/FreeRTOS/Source/timers.o
                0x0000c11c                xTimerGenericCommand
 .text.prvProcessExpiredTimer
                0x0000c1b4       0x98 ./SDK/rtos/FreeRTOS/Source/timers.o
 .text.prvTimerTask
                0x0000c24c       0x24 ./SDK/rtos/FreeRTOS/Source/timers.o
 .text.prvProcessTimerOrBlockTask
                0x0000c270       0x88 ./SDK/rtos/FreeRTOS/Source/timers.o
 .text.prvGetNextExpireTime
                0x0000c2f8       0x48 ./SDK/rtos/FreeRTOS/Source/timers.o
 .text.prvSampleTimeNow
                0x0000c340       0x40 ./SDK/rtos/FreeRTOS/Source/timers.o
 .text.prvInsertTimerInActiveList
                0x0000c380       0x84 ./SDK/rtos/FreeRTOS/Source/timers.o
 .text.prvProcessReceivedCommands
                0x0000c404      0x1b8 ./SDK/rtos/FreeRTOS/Source/timers.o
 .text.prvSwitchTimerLists
                0x0000c5bc       0xc8 ./SDK/rtos/FreeRTOS/Source/timers.o
 .text.prvCheckForValidListAndQueue
                0x0000c684       0x6c ./SDK/rtos/FreeRTOS/Source/timers.o
 .text.pxPortInitialiseStack
                0x0000c6f0       0x7a ./SDK/rtos/FreeRTOS/Source/portable/GCC/ARM_CM4F/port.o
                0x0000c6f0                pxPortInitialiseStack
 .text.SVC_Handler
                0x0000c76a       0x14 ./SDK/rtos/FreeRTOS/Source/portable/GCC/ARM_CM4F/port.o
                0x0000c76a                SVC_Handler
 *fill*         0x0000c77e        0x2 
 .text.prvSVCHandler
                0x0000c780       0x68 ./SDK/rtos/FreeRTOS/Source/portable/GCC/ARM_CM4F/port.o
 *fill*         0x0000c7e8        0x8 
 .text.prvRestoreContextOfFirstTask
                0x0000c7f0       0x3c ./SDK/rtos/FreeRTOS/Source/portable/GCC/ARM_CM4F/port.o
 .text.xPortStartScheduler
                0x0000c82c      0x110 ./SDK/rtos/FreeRTOS/Source/portable/GCC/ARM_CM4F/port.o
                0x0000c82c                xPortStartScheduler
 .text.vPortEnterCritical
                0x0000c93c       0x3c ./SDK/rtos/FreeRTOS/Source/portable/GCC/ARM_CM4F/port.o
                0x0000c93c                vPortEnterCritical
 .text.vPortExitCritical
                0x0000c978       0x58 ./SDK/rtos/FreeRTOS/Source/portable/GCC/ARM_CM4F/port.o
                0x0000c978                vPortExitCritical
 .text.PendSV_Handler
                0x0000c9d0       0x68 ./SDK/rtos/FreeRTOS/Source/portable/GCC/ARM_CM4F/port.o
                0x0000c9d0                PendSV_Handler
 .text.SysTick_Handler
                0x0000ca38       0x4c ./SDK/rtos/FreeRTOS/Source/portable/GCC/ARM_CM4F/port.o
                0x0000ca38                SysTick_Handler
 .text.vPortSetupTimerInterrupt
                0x0000ca84       0x34 ./SDK/rtos/FreeRTOS/Source/portable/GCC/ARM_CM4F/port.o
                0x0000ca84                vPortSetupTimerInterrupt
 *fill*         0x0000cab8        0x8 
 .text.xIsPrivileged
                0x0000cac0       0x14 ./SDK/rtos/FreeRTOS/Source/portable/GCC/ARM_CM4F/port.o
                0x0000cac0                xIsPrivileged
 .text.vResetPrivilege
                0x0000cad4       0x10 ./SDK/rtos/FreeRTOS/Source/portable/GCC/ARM_CM4F/port.o
                0x0000cad4                vResetPrivilege
 .text.vPortEnableVFP
                0x0000cae4       0x14 ./SDK/rtos/FreeRTOS/Source/portable/GCC/ARM_CM4F/port.o
 .text.xPortRaisePrivilege
                0x0000caf8       0x1e ./SDK/rtos/FreeRTOS/Source/portable/GCC/ARM_CM4F/port.o
                0x0000caf8                xPortRaisePrivilege
 .text.vPortResetPrivilege
                0x0000cb16       0x1a ./SDK/rtos/FreeRTOS/Source/portable/GCC/ARM_CM4F/port.o
                0x0000cb16                vPortResetPrivilege
 .text.vPortValidateInterruptPriority
                0x0000cb30       0x7c ./SDK/rtos/FreeRTOS/Source/portable/GCC/ARM_CM4F/port.o
                0x0000cb30                vPortValidateInterruptPriority
 .text.pvPortMalloc
                0x0000cbac       0x94 ./SDK/rtos/FreeRTOS/Source/portable/MemMang/heap_1.o
                0x0000cbac                pvPortMalloc
 .text.vPortFree
                0x0000cc40       0x2e ./SDK/rtos/FreeRTOS/Source/portable/MemMang/heap_1.o
                0x0000cc40                vPortFree
 *fill*         0x0000cc6e        0x2 
 .text.xPortGetFreeHeapSize
                0x0000cc70       0x1c ./SDK/rtos/FreeRTOS/Source/portable/MemMang/heap_1.o
                0x0000cc70                xPortGetFreeHeapSize
 .text.DevAssert
                0x0000cc8c       0x22 ./SDK/rtos/osif/osif_freertos.o
 .text.osif_IsIsrContext
                0x0000ccae       0x30 ./SDK/rtos/osif/osif_freertos.o
 .text.OSIF_SemaPost
                0x0000ccde       0x7a ./SDK/rtos/osif/osif_freertos.o
                0x0000ccde                OSIF_SemaPost
 .text.OSIF_SemaCreate
                0x0000cd58       0x48 ./SDK/rtos/osif/osif_freertos.o
                0x0000cd58                OSIF_SemaCreate
 .text.OSIF_SemaDestroy
                0x0000cda0       0x42 ./SDK/rtos/osif/osif_freertos.o
                0x0000cda0                OSIF_SemaDestroy
 *fill*         0x0000cde2        0x2 
 .text.Remote_Operation
                0x0000cde4       0x78 ./src/DCU/Application/DoorApp/DoorApp.o
 .text.Remote_Operation_rqst_driver
                0x0000ce5c       0x60 ./src/DCU/Application/DoorApp/DoorApp.o
 .text.Remote_Operation_rqst_passenger
                0x0000cebc       0x60 ./src/DCU/Application/DoorApp/DoorApp.o
 .text.Manual_Mode
                0x0000cf1c      0x13c ./src/DCU/Application/DoorApp/DoorApp.o
 .text.Manual_Mode_Driver
                0x0000d058      0x190 ./src/DCU/Application/DoorApp/DoorApp.o
 .text.DoorApp_Init
                0x0000d1e8       0x58 ./src/DCU/Application/DoorApp/DoorApp.o
                0x0000d1e8                DoorApp_Init
 .text.DoorApp_Run
                0x0000d240      0x1e0 ./src/DCU/Application/DoorApp/DoorApp.o
                0x0000d240                DoorApp_Run
 .text.WindowApp_Init
                0x0000d420       0x4c ./src/DCU/Application/WindowApp/WindowApp.o
                0x0000d420                WindowApp_Init
 .text.WindowApp_Run
                0x0000d46c       0xfc ./src/DCU/Application/WindowApp/WindowApp.o
                0x0000d46c                WindowApp_Run
 .text.WindowApp_ManualMode
                0x0000d568       0xac ./src/DCU/Application/WindowApp/WindowApp.o
 .text.WindowApp_RemoteOperation
                0x0000d614      0x124 ./src/DCU/Application/WindowApp/WindowApp.o
 .text.WindowApp_GetOpenActuation
                0x0000d738       0x34 ./src/DCU/Application/WindowApp/WindowApp.o
 .text.WindowApp_GetCloseActuation
                0x0000d76c       0x34 ./src/DCU/Application/WindowApp/WindowApp.o
 .text.WindowApp_ReportWindowControlSignals
                0x0000d7a0       0x94 ./src/DCU/Application/WindowApp/WindowApp.o
 .text.WindowApp_ReportRearWindowLockSignal
                0x0000d834       0x2c ./src/DCU/Application/WindowApp/WindowApp.o
 .text.WindowApp_ValidateWindowActuation
                0x0000d860       0x60 ./src/DCU/Application/WindowApp/WindowApp.o
 .text.WindowApp_PositionReport
                0x0000d8c0       0x4e ./src/DCU/Application/WindowApp/WindowApp.o
 *fill*         0x0000d90e        0x2 
 .text.CANpal_init
                0x0000d910       0xe0 ./src/DCU/Communication/CANpal/CANpal.o
                0x0000d910                CANpal_init
 .text.CANpal_event_callback
                0x0000d9f0      0x118 ./src/DCU/Communication/CANpal/CANpal.o
 .text.CANpal_isr_CAN_MB
                0x0000db08       0x2c ./src/DCU/Communication/CANpal/CANpal.o
 .text.CANpal_send_CAN_message
                0x0000db34       0x40 ./src/DCU/Communication/CANpal/CANpal.o
                0x0000db34                CANpal_send_CAN_message
 .text.CANpal_get_Txd_Id
                0x0000db74       0x40 ./src/DCU/Communication/CANpal/CANpal.o
                0x0000db74                CANpal_get_Txd_Id
 .text.can_DCM_DR_BCM_5_rx_callback
                0x0000dbb4        0xe ./src/DCU/Communication/Calvos/comgen_CAN_DCM_DR_callbacks.o
                0x0000dbb4                can_DCM_DR_BCM_5_rx_callback
 .text.can_DCM_DR_BCM_2_rx_callback
                0x0000dbc2        0xe ./src/DCU/Communication/Calvos/comgen_CAN_DCM_DR_callbacks.o
                0x0000dbc2                can_DCM_DR_BCM_2_rx_callback
 .text.can_DCM_DR_BRAKE_2_rx_callback
                0x0000dbd0        0xe ./src/DCU/Communication/Calvos/comgen_CAN_DCM_DR_callbacks.o
                0x0000dbd0                can_DCM_DR_BRAKE_2_rx_callback
 .text.can_DCM_DR_TRANSM_2_rx_callback
                0x0000dbde        0xe ./src/DCU/Communication/Calvos/comgen_CAN_DCM_DR_callbacks.o
                0x0000dbde                can_DCM_DR_TRANSM_2_rx_callback
 .text.can_DCM_DR_TRANSM_4_rx_callback
                0x0000dbec        0xe ./src/DCU/Communication/Calvos/comgen_CAN_DCM_DR_callbacks.o
                0x0000dbec                can_DCM_DR_TRANSM_4_rx_callback
 .text.can_DCM_DR_DCU_2_rx_callback
                0x0000dbfa        0xe ./src/DCU/Communication/Calvos/comgen_CAN_DCM_DR_callbacks.o
                0x0000dbfa                can_DCM_DR_DCU_2_rx_callback
 .text.can_DCM_DR_BCM_5_timeout_callback
                0x0000dc08        0xe ./src/DCU/Communication/Calvos/comgen_CAN_DCM_DR_callbacks.o
                0x0000dc08                can_DCM_DR_BCM_5_timeout_callback
 .text.can_DCM_DR_BCM_2_timeout_callback
                0x0000dc16        0xe ./src/DCU/Communication/Calvos/comgen_CAN_DCM_DR_callbacks.o
                0x0000dc16                can_DCM_DR_BCM_2_timeout_callback
 .text.can_DCM_DR_BRAKE_2_timeout_callback
                0x0000dc24        0xe ./src/DCU/Communication/Calvos/comgen_CAN_DCM_DR_callbacks.o
                0x0000dc24                can_DCM_DR_BRAKE_2_timeout_callback
 .text.can_DCM_DR_TRANSM_2_timeout_callback
                0x0000dc32        0xe ./src/DCU/Communication/Calvos/comgen_CAN_DCM_DR_callbacks.o
                0x0000dc32                can_DCM_DR_TRANSM_2_timeout_callback
 .text.can_DCM_DR_TRANSM_4_timeout_callback
                0x0000dc40        0xe ./src/DCU/Communication/Calvos/comgen_CAN_DCM_DR_callbacks.o
                0x0000dc40                can_DCM_DR_TRANSM_4_timeout_callback
 .text.can_DCM_DR_DCU_2_timeout_callback
                0x0000dc4e        0xe ./src/DCU/Communication/Calvos/comgen_CAN_DCM_DR_callbacks.o
                0x0000dc4e                can_DCM_DR_DCU_2_timeout_callback
 .text.can_DCM_DR_DCU_1_tx_callback
                0x0000dc5c        0xe ./src/DCU/Communication/Calvos/comgen_CAN_DCM_DR_callbacks.o
                0x0000dc5c                can_DCM_DR_DCU_1_tx_callback
 *fill*         0x0000dc6a        0x2 
 .text.can_DCM_DR_processRxMessage
                0x0000dc6c       0xbc ./src/DCU/Communication/Calvos/comgen_CAN_DCM_DR_core.o
                0x0000dc6c                can_DCM_DR_processRxMessage
 .text.can_task_20ms_DCM_DR_rxProcess
                0x0000dd28      0x144 ./src/DCU/Communication/Calvos/comgen_CAN_DCM_DR_core.o
                0x0000dd28                can_task_20ms_DCM_DR_rxProcess
 .text.can_DCM_DR_txRetry
                0x0000de6c       0x48 ./src/DCU/Communication/Calvos/comgen_CAN_DCM_DR_core.o
                0x0000de6c                can_DCM_DR_txRetry
 .text.can_DCM_DR_signalsInit
                0x0000deb4        0xe ./src/DCU/Communication/Calvos/comgen_CAN_DCM_DR_core.o
                0x0000deb4                can_DCM_DR_signalsInit
 *fill*         0x0000dec2        0x2 
 .text.can_DCM_DR_coreInit
                0x0000dec4       0x98 ./src/DCU/Communication/Calvos/comgen_CAN_DCM_DR_core.o
                0x0000dec4                can_DCM_DR_coreInit
 .text.can_DCM_DR_HALtransmitMsg
                0x0000df5c       0x42 ./src/DCU/Communication/Calvos/comgen_CAN_DCM_DR_hal.o
                0x0000df5c                can_DCM_DR_HALtransmitMsg
 .text.can_DCM_DR_HALgetTxdMsgId
                0x0000df9e       0x16 ./src/DCU/Communication/Calvos/comgen_CAN_DCM_DR_hal.o
                0x0000df9e                can_DCM_DR_HALgetTxdMsgId
 .text.can_DCM_DR_HALconfirmTxMsg
                0x0000dfb4       0x28 ./src/DCU/Communication/Calvos/comgen_CAN_DCM_DR_hal.o
                0x0000dfb4                can_DCM_DR_HALconfirmTxMsg
 .text.can_DCM_DR_HALreceiveMsg
                0x0000dfdc       0x22 ./src/DCU/Communication/Calvos/comgen_CAN_DCM_DR_hal.o
                0x0000dfdc                can_DCM_DR_HALreceiveMsg
 .text.can_DCM_DR_HALinit
                0x0000dffe        0xe ./src/DCU/Communication/Calvos/comgen_CAN_DCM_DR_hal.o
                0x0000dffe                can_DCM_DR_HALinit
 .text.can_DCM_PS_BCM_5_rx_callback
                0x0000e00c        0xe ./src/DCU/Communication/Calvos/comgen_CAN_DCM_PS_callbacks.o
                0x0000e00c                can_DCM_PS_BCM_5_rx_callback
 .text.can_DCM_PS_BCM_2_rx_callback
                0x0000e01a        0xe ./src/DCU/Communication/Calvos/comgen_CAN_DCM_PS_callbacks.o
                0x0000e01a                can_DCM_PS_BCM_2_rx_callback
 .text.can_DCM_PS_BRAKE_2_rx_callback
                0x0000e028        0xe ./src/DCU/Communication/Calvos/comgen_CAN_DCM_PS_callbacks.o
                0x0000e028                can_DCM_PS_BRAKE_2_rx_callback
 .text.can_DCM_PS_TRANSM_2_rx_callback
                0x0000e036        0xe ./src/DCU/Communication/Calvos/comgen_CAN_DCM_PS_callbacks.o
                0x0000e036                can_DCM_PS_TRANSM_2_rx_callback
 .text.can_DCM_PS_TRANSM_4_rx_callback
                0x0000e044        0xe ./src/DCU/Communication/Calvos/comgen_CAN_DCM_PS_callbacks.o
                0x0000e044                can_DCM_PS_TRANSM_4_rx_callback
 .text.can_DCM_PS_DCU_1_rx_callback
                0x0000e052        0xe ./src/DCU/Communication/Calvos/comgen_CAN_DCM_PS_callbacks.o
                0x0000e052                can_DCM_PS_DCU_1_rx_callback
 .text.can_DCM_PS_BCM_5_timeout_callback
                0x0000e060        0xe ./src/DCU/Communication/Calvos/comgen_CAN_DCM_PS_callbacks.o
                0x0000e060                can_DCM_PS_BCM_5_timeout_callback
 .text.can_DCM_PS_BCM_2_timeout_callback
                0x0000e06e        0xe ./src/DCU/Communication/Calvos/comgen_CAN_DCM_PS_callbacks.o
                0x0000e06e                can_DCM_PS_BCM_2_timeout_callback
 .text.can_DCM_PS_BRAKE_2_timeout_callback
                0x0000e07c        0xe ./src/DCU/Communication/Calvos/comgen_CAN_DCM_PS_callbacks.o
                0x0000e07c                can_DCM_PS_BRAKE_2_timeout_callback
 .text.can_DCM_PS_TRANSM_2_timeout_callback
                0x0000e08a        0xe ./src/DCU/Communication/Calvos/comgen_CAN_DCM_PS_callbacks.o
                0x0000e08a                can_DCM_PS_TRANSM_2_timeout_callback
 .text.can_DCM_PS_TRANSM_4_timeout_callback
                0x0000e098        0xe ./src/DCU/Communication/Calvos/comgen_CAN_DCM_PS_callbacks.o
                0x0000e098                can_DCM_PS_TRANSM_4_timeout_callback
 .text.can_DCM_PS_DCU_1_timeout_callback
                0x0000e0a6        0xe ./src/DCU/Communication/Calvos/comgen_CAN_DCM_PS_callbacks.o
                0x0000e0a6                can_DCM_PS_DCU_1_timeout_callback
 .text.can_DCM_PS_DCU_2_tx_callback
                0x0000e0b4        0xe ./src/DCU/Communication/Calvos/comgen_CAN_DCM_PS_callbacks.o
                0x0000e0b4                can_DCM_PS_DCU_2_tx_callback
 *fill*         0x0000e0c2        0x2 
 .text.can_DCM_PS_processRxMessage
                0x0000e0c4       0xbc ./src/DCU/Communication/Calvos/comgen_CAN_DCM_PS_core.o
                0x0000e0c4                can_DCM_PS_processRxMessage
 .text.can_task_20ms_DCM_PS_rxProcess
                0x0000e180      0x144 ./src/DCU/Communication/Calvos/comgen_CAN_DCM_PS_core.o
                0x0000e180                can_task_20ms_DCM_PS_rxProcess
 .text.can_DCM_PS_txRetry
                0x0000e2c4       0x48 ./src/DCU/Communication/Calvos/comgen_CAN_DCM_PS_core.o
                0x0000e2c4                can_DCM_PS_txRetry
 .text.can_DCM_PS_signalsInit
                0x0000e30c        0xe ./src/DCU/Communication/Calvos/comgen_CAN_DCM_PS_core.o
                0x0000e30c                can_DCM_PS_signalsInit
 *fill*         0x0000e31a        0x2 
 .text.can_DCM_PS_coreInit
                0x0000e31c       0x98 ./src/DCU/Communication/Calvos/comgen_CAN_DCM_PS_core.o
                0x0000e31c                can_DCM_PS_coreInit
 .text.can_DCM_PS_HALtransmitMsg
                0x0000e3b4       0x42 ./src/DCU/Communication/Calvos/comgen_CAN_DCM_PS_hal.o
                0x0000e3b4                can_DCM_PS_HALtransmitMsg
 .text.can_DCM_PS_HALgetTxdMsgId
                0x0000e3f6       0x16 ./src/DCU/Communication/Calvos/comgen_CAN_DCM_PS_hal.o
                0x0000e3f6                can_DCM_PS_HALgetTxdMsgId
 .text.can_DCM_PS_HALconfirmTxMsg
                0x0000e40c       0x28 ./src/DCU/Communication/Calvos/comgen_CAN_DCM_PS_hal.o
                0x0000e40c                can_DCM_PS_HALconfirmTxMsg
 .text.can_DCM_PS_HALreceiveMsg
                0x0000e434       0x22 ./src/DCU/Communication/Calvos/comgen_CAN_DCM_PS_hal.o
                0x0000e434                can_DCM_PS_HALreceiveMsg
 .text.can_DCM_PS_HALinit
                0x0000e456        0xe ./src/DCU/Communication/Calvos/comgen_CAN_DCM_PS_hal.o
                0x0000e456                can_DCM_PS_HALinit
 .text.can_DCM_RL_BCM_5_rx_callback
                0x0000e464        0xe ./src/DCU/Communication/Calvos/comgen_CAN_DCM_RL_callbacks.o
                0x0000e464                can_DCM_RL_BCM_5_rx_callback
 .text.can_DCM_RL_BCM_2_rx_callback
                0x0000e472        0xe ./src/DCU/Communication/Calvos/comgen_CAN_DCM_RL_callbacks.o
                0x0000e472                can_DCM_RL_BCM_2_rx_callback
 .text.can_DCM_RL_BRAKE_2_rx_callback
                0x0000e480        0xe ./src/DCU/Communication/Calvos/comgen_CAN_DCM_RL_callbacks.o
                0x0000e480                can_DCM_RL_BRAKE_2_rx_callback
 .text.can_DCM_RL_TRANSM_2_rx_callback
                0x0000e48e        0xe ./src/DCU/Communication/Calvos/comgen_CAN_DCM_RL_callbacks.o
                0x0000e48e                can_DCM_RL_TRANSM_2_rx_callback
 .text.can_DCM_RL_TRANSM_4_rx_callback
                0x0000e49c        0xe ./src/DCU/Communication/Calvos/comgen_CAN_DCM_RL_callbacks.o
                0x0000e49c                can_DCM_RL_TRANSM_4_rx_callback
 .text.can_DCM_RL_DCU_1_rx_callback
                0x0000e4aa        0xe ./src/DCU/Communication/Calvos/comgen_CAN_DCM_RL_callbacks.o
                0x0000e4aa                can_DCM_RL_DCU_1_rx_callback
 .text.can_DCM_RL_DCU_2_rx_callback
                0x0000e4b8        0xe ./src/DCU/Communication/Calvos/comgen_CAN_DCM_RL_callbacks.o
                0x0000e4b8                can_DCM_RL_DCU_2_rx_callback
 .text.can_DCM_RL_BCM_5_timeout_callback
                0x0000e4c6        0xe ./src/DCU/Communication/Calvos/comgen_CAN_DCM_RL_callbacks.o
                0x0000e4c6                can_DCM_RL_BCM_5_timeout_callback
 .text.can_DCM_RL_BCM_2_timeout_callback
                0x0000e4d4        0xe ./src/DCU/Communication/Calvos/comgen_CAN_DCM_RL_callbacks.o
                0x0000e4d4                can_DCM_RL_BCM_2_timeout_callback
 .text.can_DCM_RL_BRAKE_2_timeout_callback
                0x0000e4e2        0xe ./src/DCU/Communication/Calvos/comgen_CAN_DCM_RL_callbacks.o
                0x0000e4e2                can_DCM_RL_BRAKE_2_timeout_callback
 .text.can_DCM_RL_TRANSM_2_timeout_callback